[0.011s] Invoking command in '/home/mvibot/floorCleaningRobot_ws/build/opennav_coverage': AMENT_PREFIX_PATH=/home/mvibot/floorCleaningRobot_ws/install/opennav_coverage_msgs:${AMENT_PREFIX_PATH} CMAKE_PREFIX_PATH=/home/mvibot/floorCleaningRobot_ws/install/opennav_coverage_msgs:/home/mvibot/floorCleaningRobot_ws/install/fields2cover:/opt/ros/jazzy/opt/gz_sim_vendor:/opt/ros/jazzy/opt/gz_sensors_vendor:/opt/ros/jazzy/opt/gz_physics_vendor:/opt/ros/jazzy/opt/gz_gui_vendor:/opt/ros/jazzy/opt/gz_transport_vendor:/opt/ros/jazzy/opt/gz_rendering_vendor:/opt/ros/jazzy/opt/gz_plugin_vendor:/opt/ros/jazzy/opt/gz_fuel_tools_vendor:/opt/ros/jazzy/opt/gz_msgs_vendor:/opt/ros/jazzy/opt/gz_common_vendor:/opt/ros/jazzy/opt/gz_ogre_next_vendor:/opt/ros/jazzy/opt/gz_dartsim_vendor:/opt/ros/jazzy/opt/sdformat_vendor:/opt/ros/jazzy/opt/gz_math_vendor:/opt/ros/jazzy/opt/gz_utils_vendor:/opt/ros/jazzy/opt/gz_tools_vendor:/opt/ros/jazzy/opt/gz_cmake_vendor:/opt/ros/jazzy DEBUGINFOD_URLS=https://debuginfod.ubuntu.com LD_LIBRARY_PATH=/home/mvibot/floorCleaningRobot_ws/install/opennav_coverage_msgs/lib:/home/mvibot/floorCleaningRobot_ws/install/fields2cover/lib:${LD_LIBRARY_PATH} PKG_CONFIG_PATH=/home/mvibot/floorCleaningRobot_ws/install/fields2cover/lib/x86_64-linux-gnu/pkgconfig:/home/mvibot/floorCleaningRobot_ws/install/fields2cover/lib/pkgconfig PYTHONPATH=/home/mvibot/floorCleaningRobot_ws/install/opennav_coverage_msgs/lib/python3.12/site-packages:${PYTHONPATH} /usr/bin/cmake --build /home/mvibot/floorCleaningRobot_ws/build/opennav_coverage -- -j16 -l16
[0.051s] [ 13%] Built target gtest
[0.051s] [ 13%] Built target gtest_main
[0.089s] [ 37%] Built target opennav_coverage_core
[0.122s] [ 51%] Built target opennav_coverage
[0.122s] [ 51%] Built target test_path
[0.125s] [ 58%] [32m[1mLinking CXX executable test_viz[0m
[0.125s] [ 62%] Built target test_swath
[0.126s] [ 68%] Built target test_robot
[0.126s] [ 79%] Built target test_headland
[0.126s] [ 82%] Built target test_route
[0.128s] [ 89%] Built target test_utils
[0.128s] [ 96%] Built target test_server
[0.513s] /usr/bin/ld: CMakeFiles/test_viz.dir/test_viz.cpp.o: undefined reference to symbol '_ZNK11OGRGeometry11exportToWktEPPc13OGRwkbVariant'
[0.513s] /usr/bin/ld: /lib/x86_64-linux-gnu/libgdal.so.34: error adding symbols: DSO missing from command line
[0.517s] collect2: error: ld returned 1 exit status
[0.519s] gmake[2]: *** [test/CMakeFiles/test_viz.dir/build.make:290: test/test_viz] Error 1
[0.519s] gmake[1]: *** [CMakeFiles/Makefile2:298: test/CMakeFiles/test_viz.dir/all] Error 2
[0.519s] gmake: *** [Makefile:146: all] Error 2
[0.521s] Invoked command in '/home/mvibot/floorCleaningRobot_ws/build/opennav_coverage' returned '2': AMENT_PREFIX_PATH=/home/mvibot/floorCleaningRobot_ws/install/opennav_coverage_msgs:${AMENT_PREFIX_PATH} CMAKE_PREFIX_PATH=/home/mvibot/floorCleaningRobot_ws/install/opennav_coverage_msgs:/home/mvibot/floorCleaningRobot_ws/install/fields2cover:/opt/ros/jazzy/opt/gz_sim_vendor:/opt/ros/jazzy/opt/gz_sensors_vendor:/opt/ros/jazzy/opt/gz_physics_vendor:/opt/ros/jazzy/opt/gz_gui_vendor:/opt/ros/jazzy/opt/gz_transport_vendor:/opt/ros/jazzy/opt/gz_rendering_vendor:/opt/ros/jazzy/opt/gz_plugin_vendor:/opt/ros/jazzy/opt/gz_fuel_tools_vendor:/opt/ros/jazzy/opt/gz_msgs_vendor:/opt/ros/jazzy/opt/gz_common_vendor:/opt/ros/jazzy/opt/gz_ogre_next_vendor:/opt/ros/jazzy/opt/gz_dartsim_vendor:/opt/ros/jazzy/opt/sdformat_vendor:/opt/ros/jazzy/opt/gz_math_vendor:/opt/ros/jazzy/opt/gz_utils_vendor:/opt/ros/jazzy/opt/gz_tools_vendor:/opt/ros/jazzy/opt/gz_cmake_vendor:/opt/ros/jazzy DEBUGINFOD_URLS=https://debuginfod.ubuntu.com LD_LIBRARY_PATH=/home/mvibot/floorCleaningRobot_ws/install/opennav_coverage_msgs/lib:/home/mvibot/floorCleaningRobot_ws/install/fields2cover/lib:${LD_LIBRARY_PATH} PKG_CONFIG_PATH=/home/mvibot/floorCleaningRobot_ws/install/fields2cover/lib/x86_64-linux-gnu/pkgconfig:/home/mvibot/floorCleaningRobot_ws/install/fields2cover/lib/pkgconfig PYTHONPATH=/home/mvibot/floorCleaningRobot_ws/install/opennav_coverage_msgs/lib/python3.12/site-packages:${PYTHONPATH} /usr/bin/cmake --build /home/mvibot/floorCleaningRobot_ws/build/opennav_coverage -- -j16 -l16
