[0.020s] Invoking command in '/home/mvibot/floorCleaningRobot_ws/build/higher_layer_mvibot': CMAKE_PREFIX_PATH=${CMAKE_PREFIX_PATH}:/home/mvibot/floorCleaningRobot_ws/install/opennav_coverage_demo:/opt/ros/jazzy DEBUGINFOD_URLS=https://debuginfod.ubuntu.com /usr/bin/cmake --build /home/mvibot/floorCleaningRobot_ws/build/higher_layer_mvibot -- -j16 -l16
[0.177s] [100%] Built target mvibot_server
[0.185s] Invoked command in '/home/mvibot/floorCleaningRobot_ws/build/higher_layer_mvibot' returned '0': CMAKE_PREFIX_PATH=${CMAKE_PREFIX_PATH}:/home/mvibot/floorCleaningRobot_ws/install/opennav_coverage_demo:/opt/ros/jazzy DEBUGINFOD_URLS=https://debuginfod.ubuntu.com /usr/bin/cmake --build /home/mvibot/floorCleaningRobot_ws/build/higher_layer_mvibot -- -j16 -l16
[0.193s] Invoking command in '/home/mvibot/floorCleaningRobot_ws/build/higher_layer_mvibot': CMAKE_PREFIX_PATH=${CMAKE_PREFIX_PATH}:/home/mvibot/floorCleaningRobot_ws/install/opennav_coverage_demo:/opt/ros/jazzy DEBUGINFOD_URLS=https://debuginfod.ubuntu.com /usr/bin/cmake --install /home/mvibot/floorCleaningRobot_ws/build/higher_layer_mvibot
[0.200s] -- Install configuration: ""
[0.201s] -- Execute custom install script
[0.203s] -- Up-to-date symlink: /home/mvibot/floorCleaningRobot_ws/install/higher_layer_mvibot/share/higher_layer_mvibot//launch/mvibot_manage_server_launch.py
[0.203s] -- Up-to-date symlink: /home/mvibot/floorCleaningRobot_ws/install/higher_layer_mvibot/share/higher_layer_mvibot//launch/mvibot_map_server_launch.py
[0.204s] -- Up-to-date symlink: /home/mvibot/floorCleaningRobot_ws/install/higher_layer_mvibot/share/higher_layer_mvibot//launch/mvibot_server_launch.py
[0.204s] -- Up-to-date symlink: /home/mvibot/floorCleaningRobot_ws/install/higher_layer_mvibot/share/higher_layer_mvibot//launch/mvibot_slam_toolbox_launch.py
[0.205s] -- Up-to-date symlink: /home/mvibot/floorCleaningRobot_ws/install/higher_layer_mvibot/lib/higher_layer_mvibot/mvibot_server
[0.205s] -- Up-to-date symlink: /home/mvibot/floorCleaningRobot_ws/install/higher_layer_mvibot/share/ament_index/resource_index/package_run_dependencies/higher_layer_mvibot
[0.205s] -- Up-to-date symlink: /home/mvibot/floorCleaningRobot_ws/install/higher_layer_mvibot/share/ament_index/resource_index/parent_prefix_path/higher_layer_mvibot
[0.206s] -- Up-to-date symlink: /home/mvibot/floorCleaningRobot_ws/install/higher_layer_mvibot/share/higher_layer_mvibot/environment/ament_prefix_path.sh
[0.206s] -- Up-to-date symlink: /home/mvibot/floorCleaningRobot_ws/install/higher_layer_mvibot/share/higher_layer_mvibot/environment/ament_prefix_path.dsv
[0.206s] -- Up-to-date symlink: /home/mvibot/floorCleaningRobot_ws/install/higher_layer_mvibot/share/higher_layer_mvibot/environment/path.sh
[0.206s] -- Up-to-date symlink: /home/mvibot/floorCleaningRobot_ws/install/higher_layer_mvibot/share/higher_layer_mvibot/environment/path.dsv
[0.206s] -- Up-to-date symlink: /home/mvibot/floorCleaningRobot_ws/install/higher_layer_mvibot/share/higher_layer_mvibot/local_setup.bash
[0.206s] -- Up-to-date symlink: /home/mvibot/floorCleaningRobot_ws/install/higher_layer_mvibot/share/higher_layer_mvibot/local_setup.sh
[0.207s] -- Up-to-date symlink: /home/mvibot/floorCleaningRobot_ws/install/higher_layer_mvibot/share/higher_layer_mvibot/local_setup.zsh
[0.207s] -- Up-to-date symlink: /home/mvibot/floorCleaningRobot_ws/install/higher_layer_mvibot/share/higher_layer_mvibot/local_setup.dsv
[0.207s] -- Symlinking: /home/mvibot/floorCleaningRobot_ws/install/higher_layer_mvibot/share/higher_layer_mvibot/package.dsv
[0.215s] -- Up-to-date symlink: /home/mvibot/floorCleaningRobot_ws/install/higher_layer_mvibot/share/ament_index/resource_index/packages/higher_layer_mvibot
[0.215s] -- Up-to-date symlink: /home/mvibot/floorCleaningRobot_ws/install/higher_layer_mvibot/share/higher_layer_mvibot/cmake/higher_layer_mvibotConfig.cmake
[0.215s] -- Up-to-date symlink: /home/mvibot/floorCleaningRobot_ws/install/higher_layer_mvibot/share/higher_layer_mvibot/cmake/higher_layer_mvibotConfig-version.cmake
[0.216s] -- Up-to-date symlink: /home/mvibot/floorCleaningRobot_ws/install/higher_layer_mvibot/share/higher_layer_mvibot/package.xml
[0.217s] Invoked command in '/home/mvibot/floorCleaningRobot_ws/build/higher_layer_mvibot' returned '0': CMAKE_PREFIX_PATH=${CMAKE_PREFIX_PATH}:/home/mvibot/floorCleaningRobot_ws/install/opennav_coverage_demo:/opt/ros/jazzy DEBUGINFOD_URLS=https://debuginfod.ubuntu.com /usr/bin/cmake --install /home/mvibot/floorCleaningRobot_ws/build/higher_layer_mvibot
