[0.009s] Invoking command in '/home/mvibot/floorCleaningRobot_ws/build/lower_layer_mvibot': CMAKE_PREFIX_PATH=${CMAKE_PREFIX_PATH}:/home/mvibot/floorCleaningRobot_ws/install/opennav_coverage_demo:/opt/ros/jazzy DEBUGINFOD_URLS=https://debuginfod.ubuntu.com /usr/bin/cmake --build /home/mvibot/floorCleaningRobot_ws/build/lower_layer_mvibot -- -j16 -l16
[0.048s] [ 50%] Built target mvibot_kernel
[0.056s] [100%] Built target mvibot_core
[0.064s] Invoked command in '/home/mvibot/floorCleaningRobot_ws/build/lower_layer_mvibot' returned '0': CMAKE_PREFIX_PATH=${CMAKE_PREFIX_PATH}:/home/mvibot/floorCleaningRobot_ws/install/opennav_coverage_demo:/opt/ros/jazzy DEBUGINFOD_URLS=https://debuginfod.ubuntu.com /usr/bin/cmake --build /home/mvibot/floorCleaningRobot_ws/build/lower_layer_mvibot -- -j16 -l16
[0.071s] Invoking command in '/home/mvibot/floorCleaningRobot_ws/build/lower_layer_mvibot': CMAKE_PREFIX_PATH=${CMAKE_PREFIX_PATH}:/home/mvibot/floorCleaningRobot_ws/install/opennav_coverage_demo:/opt/ros/jazzy DEBUGINFOD_URLS=https://debuginfod.ubuntu.com /usr/bin/cmake --install /home/mvibot/floorCleaningRobot_ws/build/lower_layer_mvibot
[0.078s] -- Install configuration: ""
[0.078s] -- Execute custom install script
[0.078s] -- Up-to-date symlink: /home/mvibot/floorCleaningRobot_ws/install/lower_layer_mvibot/share/lower_layer_mvibot//launch/__pycache__/mvibot_amcl_launch.cpython-312.pyc
[0.078s] -- Up-to-date symlink: /home/mvibot/floorCleaningRobot_ws/install/lower_layer_mvibot/share/lower_layer_mvibot//launch/__pycache__/mvibot_camera_launch.cpython-312.pyc
[0.079s] -- Up-to-date symlink: /home/mvibot/floorCleaningRobot_ws/install/lower_layer_mvibot/share/lower_layer_mvibot//launch/__pycache__/mvibot_core_launch.cpython-312.pyc
[0.079s] -- Up-to-date symlink: /home/mvibot/floorCleaningRobot_ws/install/lower_layer_mvibot/share/lower_layer_mvibot//launch/__pycache__/mvibot_kernel_launch.cpython-312.pyc
[0.079s] -- Up-to-date symlink: /home/mvibot/floorCleaningRobot_ws/install/lower_layer_mvibot/share/lower_layer_mvibot//launch/__pycache__/mvibot_laserscan_multi_merger_launch.cpython-312.pyc
[0.079s] -- Up-to-date symlink: /home/mvibot/floorCleaningRobot_ws/install/lower_layer_mvibot/share/lower_layer_mvibot//launch/__pycache__/mvibot_pointCloud_To_LaserScan.cpython-312.pyc
[0.079s] -- Up-to-date symlink: /home/mvibot/floorCleaningRobot_ws/install/lower_layer_mvibot/share/lower_layer_mvibot//launch/__pycache__/mvibot_pointCloud_To_LaserScan_launch.cpython-312.pyc
[0.079s] -- Up-to-date symlink: /home/mvibot/floorCleaningRobot_ws/install/lower_layer_mvibot/share/lower_layer_mvibot//launch/__pycache__/mvibot_radar_launch.cpython-312.pyc
[0.079s] -- Symlinking: /home/mvibot/floorCleaningRobot_ws/install/lower_layer_mvibot/share/lower_layer_mvibot//launch/__pycache__/mvibot_robot_localization_launch.cpython-312.pyc
[0.086s] -- Symlinking: /home/mvibot/floorCleaningRobot_ws/install/lower_layer_mvibot/share/lower_layer_mvibot//launch/__pycache__/mvibot_scan_filter_launch.cpython-312.pyc
[0.092s] -- Symlinking: /home/mvibot/floorCleaningRobot_ws/install/lower_layer_mvibot/share/lower_layer_mvibot//launch/__pycache__/mvibot_single_camera_launch.cpython-312.pyc
[0.099s] -- Up-to-date symlink: /home/mvibot/floorCleaningRobot_ws/install/lower_layer_mvibot/share/lower_layer_mvibot//launch/__pycache__/urdf_launch.cpython-312.pyc
[0.099s] -- Up-to-date symlink: /home/mvibot/floorCleaningRobot_ws/install/lower_layer_mvibot/share/lower_layer_mvibot//launch/mvibot_amcl_launch.py
[0.099s] -- Up-to-date symlink: /home/mvibot/floorCleaningRobot_ws/install/lower_layer_mvibot/share/lower_layer_mvibot//launch/mvibot_camera_launch.py
[0.099s] -- Up-to-date symlink: /home/mvibot/floorCleaningRobot_ws/install/lower_layer_mvibot/share/lower_layer_mvibot//launch/mvibot_core_launch.py
[0.099s] -- Up-to-date symlink: /home/mvibot/floorCleaningRobot_ws/install/lower_layer_mvibot/share/lower_layer_mvibot//launch/mvibot_firmware_launch.py
[0.099s] -- Up-to-date symlink: /home/mvibot/floorCleaningRobot_ws/install/lower_layer_mvibot/share/lower_layer_mvibot//launch/mvibot_kernel_launch.py
[0.099s] -- Up-to-date symlink: /home/mvibot/floorCleaningRobot_ws/install/lower_layer_mvibot/share/lower_layer_mvibot//launch/mvibot_laserscan_multi_merger_launch.py
[0.099s] -- Up-to-date symlink: /home/mvibot/floorCleaningRobot_ws/install/lower_layer_mvibot/share/lower_layer_mvibot//launch/mvibot_localization_launch.py
[0.100s] -- Up-to-date symlink: /home/mvibot/floorCleaningRobot_ws/install/lower_layer_mvibot/share/lower_layer_mvibot//launch/mvibot_pointCloud_To_LaserScan_launch.py
[0.100s] -- Up-to-date symlink: /home/mvibot/floorCleaningRobot_ws/install/lower_layer_mvibot/share/lower_layer_mvibot//launch/mvibot_radar_launch.py
[0.100s] -- Up-to-date symlink: /home/mvibot/floorCleaningRobot_ws/install/lower_layer_mvibot/share/lower_layer_mvibot//launch/mvibot_robot_localization_launch.py
[0.100s] -- Up-to-date symlink: /home/mvibot/floorCleaningRobot_ws/install/lower_layer_mvibot/share/lower_layer_mvibot//launch/mvibot_scan_filter_launch.py
[0.100s] -- Up-to-date symlink: /home/mvibot/floorCleaningRobot_ws/install/lower_layer_mvibot/share/lower_layer_mvibot//launch/mvibot_single_camera_launch.py
[0.100s] -- Up-to-date symlink: /home/mvibot/floorCleaningRobot_ws/install/lower_layer_mvibot/share/lower_layer_mvibot//launch/urdf_launch.py
[0.100s] -- Up-to-date symlink: /home/mvibot/floorCleaningRobot_ws/install/lower_layer_mvibot/lib/lower_layer_mvibot/mvibot_kernel
[0.100s] -- Up-to-date symlink: /home/mvibot/floorCleaningRobot_ws/install/lower_layer_mvibot/lib/lower_layer_mvibot/mvibot_core
[0.100s] -- Up-to-date symlink: /home/mvibot/floorCleaningRobot_ws/install/lower_layer_mvibot/share/ament_index/resource_index/package_run_dependencies/lower_layer_mvibot
[0.100s] -- Up-to-date symlink: /home/mvibot/floorCleaningRobot_ws/install/lower_layer_mvibot/share/ament_index/resource_index/parent_prefix_path/lower_layer_mvibot
[0.100s] -- Up-to-date symlink: /home/mvibot/floorCleaningRobot_ws/install/lower_layer_mvibot/share/lower_layer_mvibot/environment/ament_prefix_path.sh
[0.101s] -- Up-to-date symlink: /home/mvibot/floorCleaningRobot_ws/install/lower_layer_mvibot/share/lower_layer_mvibot/environment/ament_prefix_path.dsv
[0.101s] -- Up-to-date symlink: /home/mvibot/floorCleaningRobot_ws/install/lower_layer_mvibot/share/lower_layer_mvibot/environment/path.sh
[0.101s] -- Up-to-date symlink: /home/mvibot/floorCleaningRobot_ws/install/lower_layer_mvibot/share/lower_layer_mvibot/environment/path.dsv
[0.101s] -- Up-to-date symlink: /home/mvibot/floorCleaningRobot_ws/install/lower_layer_mvibot/share/lower_layer_mvibot/local_setup.bash
[0.101s] -- Up-to-date symlink: /home/mvibot/floorCleaningRobot_ws/install/lower_layer_mvibot/share/lower_layer_mvibot/local_setup.sh
[0.101s] -- Up-to-date symlink: /home/mvibot/floorCleaningRobot_ws/install/lower_layer_mvibot/share/lower_layer_mvibot/local_setup.zsh
[0.101s] -- Up-to-date symlink: /home/mvibot/floorCleaningRobot_ws/install/lower_layer_mvibot/share/lower_layer_mvibot/local_setup.dsv
[0.101s] -- Symlinking: /home/mvibot/floorCleaningRobot_ws/install/lower_layer_mvibot/share/lower_layer_mvibot/package.dsv
[0.109s] -- Up-to-date symlink: /home/mvibot/floorCleaningRobot_ws/install/lower_layer_mvibot/share/ament_index/resource_index/packages/lower_layer_mvibot
[0.109s] -- Up-to-date symlink: /home/mvibot/floorCleaningRobot_ws/install/lower_layer_mvibot/share/lower_layer_mvibot/cmake/lower_layer_mvibotConfig.cmake
[0.109s] -- Up-to-date symlink: /home/mvibot/floorCleaningRobot_ws/install/lower_layer_mvibot/share/lower_layer_mvibot/cmake/lower_layer_mvibotConfig-version.cmake
[0.109s] -- Up-to-date symlink: /home/mvibot/floorCleaningRobot_ws/install/lower_layer_mvibot/share/lower_layer_mvibot/package.xml
[0.111s] Invoked command in '/home/mvibot/floorCleaningRobot_ws/build/lower_layer_mvibot' returned '0': CMAKE_PREFIX_PATH=${CMAKE_PREFIX_PATH}:/home/mvibot/floorCleaningRobot_ws/install/opennav_coverage_demo:/opt/ros/jazzy DEBUGINFOD_URLS=https://debuginfod.ubuntu.com /usr/bin/cmake --install /home/mvibot/floorCleaningRobot_ws/build/lower_layer_mvibot
