[0.010s] Invoking command in '/home/mvibot/floorCleaningRobot_ws/build/ira_laser_tools': CMAKE_PREFIX_PATH=${CMAKE_PREFIX_PATH}:/opt/ros/jazzy DEBUGINFOD_URLS=https://debuginfod.ubuntu.com /usr/bin/cmake /home/mvibot/floorCleaningRobot_ws/src/ira_laser_tools -DAMENT_CMAKE_SYMLINK_INSTALL=1 -DCMAKE_INSTALL_PREFIX=/home/mvibot/floorCleaningRobot_ws/install/ira_laser_tools
[0.022s] -- Found ament_cmake: 2.5.4 (/opt/ros/jazzy/share/ament_cmake/cmake)
[0.172s] -- Override CMake install command with custom implementation using symlinks instead of copying resources
[0.178s] -- Found rclcpp: 28.1.12 (/opt/ros/jazzy/share/rclcpp/cmake)
[0.200s] -- Found rosidl_generator_c: 4.6.6 (/opt/ros/jazzy/share/rosidl_generator_c/cmake)
[0.208s] -- Found rosidl_generator_cpp: 4.6.6 (/opt/ros/jazzy/share/rosidl_generator_cpp/cmake)
[0.217s] -- Using all available rosidl_typesupport_c: rosidl_typesupport_fastrtps_c;rosidl_typesupport_introspection_c
[0.228s] -- Using all available rosidl_typesupport_cpp: rosidl_typesupport_fastrtps_cpp;rosidl_typesupport_introspection_cpp
[0.278s] -- Found rmw_implementation_cmake: 7.3.2 (/opt/ros/jazzy/share/rmw_implementation_cmake/cmake)
[0.279s] -- Found rmw_fastrtps_cpp: 8.4.3 (/opt/ros/jazzy/share/rmw_fastrtps_cpp/cmake)
[0.331s] -- Using RMW implementation 'rmw_fastrtps_cpp' as default
[0.386s] -- Found rclcpp_action: 28.1.12 (/opt/ros/jazzy/share/rclcpp_action/cmake)
[0.420s] -- Found rclcpp_lifecycle: 28.1.12 (/opt/ros/jazzy/share/rclcpp_lifecycle/cmake)
[0.452s] -- Found std_msgs: 5.3.6 (/opt/ros/jazzy/share/std_msgs/cmake)
[0.463s] -- Found geometry_msgs: 5.3.6 (/opt/ros/jazzy/share/geometry_msgs/cmake)
[0.476s] -- Found sensor_msgs: 5.3.6 (/opt/ros/jazzy/share/sensor_msgs/cmake)
[0.496s] -- Found laser_geometry: 2.7.1 (/opt/ros/jazzy/share/laser_geometry/cmake)
[0.504s] -- Found tf2_ros: 0.36.14 (/opt/ros/jazzy/share/tf2_ros/cmake)
[0.562s] -- Found pcl_ros: 2.6.2 (/opt/ros/jazzy/share/pcl_ros/cmake)
[0.637s] [33mCMake Warning (dev) at /usr/lib/x86_64-linux-gnu/cmake/pcl/Modules/FindFLANN.cmake:45 (find_package):
[0.637s]   Policy CMP0144 is not set: find_package uses upper-case <PACKAGENAME>_ROOT
[0.637s]   variables.  Run "cmake --help-policy CMP0144" for policy details.  Use the
[0.637s]   cmake_policy command to set the policy and suppress this warning.
[0.637s] 
[0.637s]   CMake variable FLANN_ROOT is set to:
[0.637s] 
[0.637s]     /usr
[0.637s] 
[0.637s]   For compatibility, find_package is ignoring the variable, but code in a
[0.637s]   .cmake module might still use it.
[0.638s] Call Stack (most recent call first):
[0.638s]   /usr/lib/x86_64-linux-gnu/cmake/pcl/PCLConfig.cmake:261 (find_package)
[0.638s]   /usr/lib/x86_64-linux-gnu/cmake/pcl/PCLConfig.cmake:306 (find_flann)
[0.638s]   /usr/lib/x86_64-linux-gnu/cmake/pcl/PCLConfig.cmake:570 (find_external_library)
[0.638s]   /opt/ros/jazzy/share/pcl_conversions/cmake/ament_cmake_export_dependencies-extras.cmake:21 (find_package)
[0.638s]   /opt/ros/jazzy/share/pcl_conversions/cmake/pcl_conversionsConfig.cmake:41 (include)
[0.638s]   /opt/ros/jazzy/share/pcl_ros/cmake/ament_cmake_export_dependencies-extras.cmake:21 (find_package)
[0.638s]   /opt/ros/jazzy/share/pcl_ros/cmake/pcl_rosConfig.cmake:41 (include)
[0.638s]   CMakeLists.txt:31 (find_package)
[0.638s] This warning is for project developers.  Use -Wno-dev to suppress it.
[0.638s] [0m
[0.639s] -- Found flann version 1.9.2
[1.092s] -- OpenNI found (version: 1.5.4.0, include: /usr/include/ni, lib: /usr/lib/libOpenNI.so;libusb::libusb)
[1.096s] -- OpenNI2 found (version: 2.2.0.33, include: /usr/include/openni2, lib: /usr/lib/x86_64-linux-gnu/libOpenNI2.so;libusb::libusb)
[1.099s] -- Could NOT find Pcap (missing: PCAP_LIBRARIES PCAP_INCLUDE_DIRS) 
[1.437s] -- OpenNI found (version: 1.5.4.0, include: /usr/include/ni, lib: /usr/lib/libOpenNI.so;libusb::libusb)
[1.441s] -- OpenNI2 found (version: 2.2.0.33, include: /usr/include/openni2, lib: /usr/lib/x86_64-linux-gnu/libOpenNI2.so;libusb::libusb)
[1.737s] -- Found Qhull version 8.0.2
[2.048s] -- OpenNI found (version: 1.5.4.0, include: /usr/include/ni, lib: /usr/lib/libOpenNI.so;libusb::libusb)
[2.379s] -- Found eigen3_cmake_module: 0.3.0 (/opt/ros/jazzy/share/eigen3_cmake_module/cmake)
[2.380s] -- Ensuring Eigen3 include directory is part of orocos-kdl CMake target
[2.500s] -- Configuring done (2.5s)
[2.614s] -- Generating done (0.1s)
[2.621s] -- Build files have been written to: /home/mvibot/floorCleaningRobot_ws/build/ira_laser_tools
[2.634s] Invoked command in '/home/mvibot/floorCleaningRobot_ws/build/ira_laser_tools' returned '0': CMAKE_PREFIX_PATH=${CMAKE_PREFIX_PATH}:/opt/ros/jazzy DEBUGINFOD_URLS=https://debuginfod.ubuntu.com /usr/bin/cmake /home/mvibot/floorCleaningRobot_ws/src/ira_laser_tools -DAMENT_CMAKE_SYMLINK_INSTALL=1 -DCMAKE_INSTALL_PREFIX=/home/mvibot/floorCleaningRobot_ws/install/ira_laser_tools
[2.635s] Invoking command in '/home/mvibot/floorCleaningRobot_ws/build/ira_laser_tools': CMAKE_PREFIX_PATH=${CMAKE_PREFIX_PATH}:/opt/ros/jazzy DEBUGINFOD_URLS=https://debuginfod.ubuntu.com /usr/bin/cmake --build /home/mvibot/floorCleaningRobot_ws/build/ira_laser_tools -- -j16 -l16
[2.688s] [ 50%] [32mBuilding CXX object CMakeFiles/laserscan_multi_merger.dir/src/laserscan_multi_merger.cpp.o[0m
[2.688s] [ 50%] [32mBuilding CXX object CMakeFiles/laserscan_virtualizer.dir/src/laserscan_virtualizer.cpp.o[0m
[12.877s] [ 75%] [32m[1mLinking CXX executable laserscan_virtualizer[0m
[13.042s] [100%] [32m[1mLinking CXX executable laserscan_multi_merger[0m
[13.835s] [100%] Built target laserscan_virtualizer
[13.847s] [100%] Built target laserscan_multi_merger
[13.855s] Invoked command in '/home/mvibot/floorCleaningRobot_ws/build/ira_laser_tools' returned '0': CMAKE_PREFIX_PATH=${CMAKE_PREFIX_PATH}:/opt/ros/jazzy DEBUGINFOD_URLS=https://debuginfod.ubuntu.com /usr/bin/cmake --build /home/mvibot/floorCleaningRobot_ws/build/ira_laser_tools -- -j16 -l16
[13.862s] Invoking command in '/home/mvibot/floorCleaningRobot_ws/build/ira_laser_tools': CMAKE_PREFIX_PATH=${CMAKE_PREFIX_PATH}:/opt/ros/jazzy DEBUGINFOD_URLS=https://debuginfod.ubuntu.com /usr/bin/cmake --install /home/mvibot/floorCleaningRobot_ws/build/ira_laser_tools
[13.867s] -- Install configuration: ""
[13.867s] -- Execute custom install script
[13.868s] -- Symlinking: /home/mvibot/floorCleaningRobot_ws/install/ira_laser_tools/lib/ira_laser_tools/laserscan_multi_merger
[13.874s] -- Symlinking: /home/mvibot/floorCleaningRobot_ws/install/ira_laser_tools/lib/ira_laser_tools/laserscan_virtualizer
[13.880s] -- Symlinking: /home/mvibot/floorCleaningRobot_ws/install/ira_laser_tools/share/ira_laser_tools/launch/laserscan_multi_merger.launch
[13.886s] -- Symlinking: /home/mvibot/floorCleaningRobot_ws/install/ira_laser_tools/share/ira_laser_tools/launch/laserscan_virtualizer.launch
[13.891s] -- Symlinking: /home/mvibot/floorCleaningRobot_ws/install/ira_laser_tools/share/ira_laser_tools/launch/merge_multi.launch.py
[13.897s] -- Symlinking: /home/mvibot/floorCleaningRobot_ws/install/ira_laser_tools/share/ira_laser_tools/launch/laserscan_merge.yaml
[13.903s] -- Symlinking: /home/mvibot/floorCleaningRobot_ws/install/ira_laser_tools/share/ament_index/resource_index/package_run_dependencies/ira_laser_tools
[13.909s] -- Symlinking: /home/mvibot/floorCleaningRobot_ws/install/ira_laser_tools/share/ament_index/resource_index/parent_prefix_path/ira_laser_tools
[13.915s] -- Symlinking: /home/mvibot/floorCleaningRobot_ws/install/ira_laser_tools/share/ira_laser_tools/environment/ament_prefix_path.sh
[13.921s] -- Symlinking: /home/mvibot/floorCleaningRobot_ws/install/ira_laser_tools/share/ira_laser_tools/environment/ament_prefix_path.dsv
[13.926s] -- Symlinking: /home/mvibot/floorCleaningRobot_ws/install/ira_laser_tools/share/ira_laser_tools/environment/path.sh
[13.933s] -- Symlinking: /home/mvibot/floorCleaningRobot_ws/install/ira_laser_tools/share/ira_laser_tools/environment/path.dsv
[13.940s] -- Symlinking: /home/mvibot/floorCleaningRobot_ws/install/ira_laser_tools/share/ira_laser_tools/local_setup.bash
[13.946s] -- Symlinking: /home/mvibot/floorCleaningRobot_ws/install/ira_laser_tools/share/ira_laser_tools/local_setup.sh
[13.952s] -- Symlinking: /home/mvibot/floorCleaningRobot_ws/install/ira_laser_tools/share/ira_laser_tools/local_setup.zsh
[13.958s] -- Symlinking: /home/mvibot/floorCleaningRobot_ws/install/ira_laser_tools/share/ira_laser_tools/local_setup.dsv
[13.964s] -- Symlinking: /home/mvibot/floorCleaningRobot_ws/install/ira_laser_tools/share/ira_laser_tools/package.dsv
[13.970s] -- Symlinking: /home/mvibot/floorCleaningRobot_ws/install/ira_laser_tools/share/ament_index/resource_index/packages/ira_laser_tools
[13.976s] -- Symlinking: /home/mvibot/floorCleaningRobot_ws/install/ira_laser_tools/share/ira_laser_tools/cmake/ament_cmake_export_dependencies-extras.cmake
[13.983s] -- Symlinking: /home/mvibot/floorCleaningRobot_ws/install/ira_laser_tools/share/ira_laser_tools/cmake/ira_laser_toolsConfig.cmake
[13.989s] -- Symlinking: /home/mvibot/floorCleaningRobot_ws/install/ira_laser_tools/share/ira_laser_tools/cmake/ira_laser_toolsConfig-version.cmake
[13.995s] -- Symlinking: /home/mvibot/floorCleaningRobot_ws/install/ira_laser_tools/share/ira_laser_tools/package.xml
[14.002s] Invoked command in '/home/mvibot/floorCleaningRobot_ws/build/ira_laser_tools' returned '0': CMAKE_PREFIX_PATH=${CMAKE_PREFIX_PATH}:/opt/ros/jazzy DEBUGINFOD_URLS=https://debuginfod.ubuntu.com /usr/bin/cmake --install /home/mvibot/floorCleaningRobot_ws/build/ira_laser_tools
