[0.012s] Invoking command in '/home/mvibot/floorCleaningRobot_ws/build/realsense2_camera': AMENT_PREFIX_PATH=/home/mvibot/floorCleaningRobot_ws/install/realsense2_camera_msgs:${AMENT_PREFIX_PATH} CMAKE_PREFIX_PATH=/home/mvibot/floorCleaningRobot_ws/install/realsense2_camera_msgs:/opt/ros/jazzy/opt/gz_sim_vendor:/opt/ros/jazzy/opt/gz_sensors_vendor:/opt/ros/jazzy/opt/gz_physics_vendor:/opt/ros/jazzy/opt/gz_gui_vendor:/opt/ros/jazzy/opt/gz_transport_vendor:/opt/ros/jazzy/opt/gz_rendering_vendor:/opt/ros/jazzy/opt/gz_plugin_vendor:/opt/ros/jazzy/opt/gz_fuel_tools_vendor:/opt/ros/jazzy/opt/gz_msgs_vendor:/opt/ros/jazzy/opt/gz_common_vendor:/opt/ros/jazzy/opt/gz_ogre_next_vendor:/opt/ros/jazzy/opt/gz_dartsim_vendor:/opt/ros/jazzy/opt/sdformat_vendor:/opt/ros/jazzy/opt/gz_math_vendor:/opt/ros/jazzy/opt/gz_utils_vendor:/opt/ros/jazzy/opt/gz_tools_vendor:/opt/ros/jazzy/opt/gz_cmake_vendor:/opt/ros/jazzy DEBUGINFOD_URLS=https://debuginfod.ubuntu.com LD_LIBRARY_PATH=/home/mvibot/floorCleaningRobot_ws/install/realsense2_camera_msgs/lib:${LD_LIBRARY_PATH} PYTHONPATH=/home/mvibot/floorCleaningRobot_ws/install/realsense2_camera_msgs/lib/python3.12/site-packages:${PYTHONPATH} /usr/bin/cmake --build /home/mvibot/floorCleaningRobot_ws/build/realsense2_camera -- -j16 -l16
[0.032s] -- Create Release Build.
[0.032s] -- Found ament_cmake: 2.5.4 (/opt/ros/jazzy/share/ament_cmake/cmake)
[0.182s] -- Override CMake install command with custom implementation using symlinks instead of copying resources
[0.188s] -- Found builtin_interfaces: 2.0.3 (/opt/ros/jazzy/share/builtin_interfaces/cmake)
[0.210s] -- Found rosidl_generator_c: 4.6.6 (/opt/ros/jazzy/share/rosidl_generator_c/cmake)
[0.217s] -- Found rosidl_generator_cpp: 4.6.6 (/opt/ros/jazzy/share/rosidl_generator_cpp/cmake)
[0.226s] -- Using all available rosidl_typesupport_c: rosidl_typesupport_fastrtps_c;rosidl_typesupport_introspection_c
[0.237s] -- Using all available rosidl_typesupport_cpp: rosidl_typesupport_fastrtps_cpp;rosidl_typesupport_introspection_cpp
[0.247s] -- Found cv_bridge: 4.1.0 (/opt/ros/jazzy/share/cv_bridge/cmake)
[0.341s] -- Found rmw_implementation_cmake: 7.3.2 (/opt/ros/jazzy/share/rmw_implementation_cmake/cmake)
[0.342s] -- Found rmw_fastrtps_cpp: 8.4.3 (/opt/ros/jazzy/share/rmw_fastrtps_cpp/cmake)
[0.394s] -- Using RMW implementation 'rmw_fastrtps_cpp' as default
[0.450s] -- Found image_transport: 5.1.7 (/opt/ros/jazzy/share/image_transport/cmake)
[0.465s] -- Found rclcpp_action: 28.1.12 (/opt/ros/jazzy/share/rclcpp_action/cmake)
[0.497s] -- Found rclcpp_components: 28.1.12 (/opt/ros/jazzy/share/rclcpp_components/cmake)
[0.520s] -- Found realsense2_camera_msgs: 4.56.4 (/home/mvibot/floorCleaningRobot_ws/install/realsense2_camera_msgs/share/realsense2_camera_msgs/cmake)
[0.551s] -- Found std_srvs: 5.3.6 (/opt/ros/jazzy/share/std_srvs/cmake)
[0.565s] -- Found nav_msgs: 5.3.6 (/opt/ros/jazzy/share/nav_msgs/cmake)
[0.587s] -- Found tf2_ros: 0.36.14 (/opt/ros/jazzy/share/tf2_ros/cmake)
[0.621s] -- Found diagnostic_updater: 4.2.6 (/opt/ros/jazzy/share/diagnostic_updater/cmake)
[0.643s] -- Build for ROS2 Jazzy
[0.646s] -- Found ament_cmake_gtest: 2.5.4 (/opt/ros/jazzy/share/ament_cmake_gtest/cmake)
[0.647s] -- Found gtest sources under '/opt/ros/jazzy/src/gtest_vendor': C++ tests using 'Google Test' will be built
[0.653s] -- Found ament_cmake_pytest: 2.5.4 (/opt/ros/jazzy/share/ament_cmake_pytest/cmake)
[3.680s] -- rs_device_info:
[3.680s] --  22/09 14:10:50,679 ERROR [129737118963584] (context.cpp:40) No valid configuration file found at : /home/mvibot/.realsense-config.json loading defaults
[3.680s] No device detected. Is it plugged in?
[3.680s] 
[3.758s] -- Configuring done (3.7s)
[3.789s] -- Generating done (0.0s)
[3.795s] -- Build files have been written to: /home/mvibot/floorCleaningRobot_ws/build/realsense2_camera
[3.827s] [  8%] Built target gtest
[3.828s] [ 16%] Built target gtest_main
[3.830s] [ 20%] [32mBuilding CXX object CMakeFiles/realsense2_camera_node.dir/rclcpp_components/node_main_realsense2_camera_node.cpp.o[0m
[3.846s] [ 24%] [32mBuilding CXX object CMakeFiles/gtest_template.dir/test/gtest_template.cpp.o[0m
[3.876s] [ 28%] [32mBuilding CXX object CMakeFiles/realsense2_camera.dir/src/realsense_node_factory.cpp.o[0m
[3.876s] [ 32%] [32mBuilding CXX object CMakeFiles/realsense2_camera.dir/src/parameters.cpp.o[0m
[3.876s] [ 36%] [32mBuilding CXX object CMakeFiles/realsense2_camera.dir/src/base_realsense_node.cpp.o[0m
[3.879s] [ 40%] [32mBuilding CXX object CMakeFiles/realsense2_camera.dir/src/ros_sensor.cpp.o[0m
[3.879s] [ 44%] [32mBuilding CXX object CMakeFiles/realsense2_camera.dir/src/ros_utils.cpp.o[0m
[3.879s] [ 48%] [32mBuilding CXX object CMakeFiles/realsense2_camera.dir/src/dynamic_params.cpp.o[0m
[3.879s] [ 52%] [32mBuilding CXX object CMakeFiles/realsense2_camera.dir/src/sensor_params.cpp.o[0m
[3.879s] [ 56%] [32mBuilding CXX object CMakeFiles/realsense2_camera.dir/src/pointcloud_filter.cpp.o[0m
[3.880s] [ 64%] [32mBuilding CXX object CMakeFiles/realsense2_camera.dir/src/rs_node_setup.cpp.o[0m
[3.880s] [ 64%] [32mBuilding CXX object CMakeFiles/realsense2_camera.dir/src/image_publisher.cpp.o[0m
[3.881s] [ 68%] [32mBuilding CXX object CMakeFiles/realsense2_camera.dir/src/named_filter.cpp.o[0m
[3.881s] [ 72%] [32mBuilding CXX object CMakeFiles/realsense2_camera.dir/src/profile_manager.cpp.o[0m
[3.883s] [ 76%] [32mBuilding CXX object CMakeFiles/realsense2_camera.dir/src/align_depth_filter.cpp.o[0m
[3.883s] [ 80%] [32mBuilding CXX object CMakeFiles/realsense2_camera.dir/src/tfs.cpp.o[0m
[6.012s] [ 84%] [32m[1mLinking CXX executable gtest_template[0m
[6.314s] [ 84%] Built target gtest_template
[6.335s] [ 88%] [32mBuilding CXX object CMakeFiles/realsense2_camera.dir/src/actions.cpp.o[0m
[10.456s] [ 92%] [32m[1mLinking CXX executable realsense2_camera_node[0m
[10.842s] [ 96%] [32mBuilding CXX object CMakeFiles/realsense2_camera.dir/src/ros_param_backend.cpp.o[0m
[10.861s] [ 96%] Built target realsense2_camera_node
[28.170s] [100%] [32m[1mLinking CXX shared library librealsense2_camera.so[0m
[28.553s] [100%] Built target realsense2_camera
[28.561s] Invoked command in '/home/mvibot/floorCleaningRobot_ws/build/realsense2_camera' returned '0': AMENT_PREFIX_PATH=/home/mvibot/floorCleaningRobot_ws/install/realsense2_camera_msgs:${AMENT_PREFIX_PATH} CMAKE_PREFIX_PATH=/home/mvibot/floorCleaningRobot_ws/install/realsense2_camera_msgs:/opt/ros/jazzy/opt/gz_sim_vendor:/opt/ros/jazzy/opt/gz_sensors_vendor:/opt/ros/jazzy/opt/gz_physics_vendor:/opt/ros/jazzy/opt/gz_gui_vendor:/opt/ros/jazzy/opt/gz_transport_vendor:/opt/ros/jazzy/opt/gz_rendering_vendor:/opt/ros/jazzy/opt/gz_plugin_vendor:/opt/ros/jazzy/opt/gz_fuel_tools_vendor:/opt/ros/jazzy/opt/gz_msgs_vendor:/opt/ros/jazzy/opt/gz_common_vendor:/opt/ros/jazzy/opt/gz_ogre_next_vendor:/opt/ros/jazzy/opt/gz_dartsim_vendor:/opt/ros/jazzy/opt/sdformat_vendor:/opt/ros/jazzy/opt/gz_math_vendor:/opt/ros/jazzy/opt/gz_utils_vendor:/opt/ros/jazzy/opt/gz_tools_vendor:/opt/ros/jazzy/opt/gz_cmake_vendor:/opt/ros/jazzy DEBUGINFOD_URLS=https://debuginfod.ubuntu.com LD_LIBRARY_PATH=/home/mvibot/floorCleaningRobot_ws/install/realsense2_camera_msgs/lib:${LD_LIBRARY_PATH} PYTHONPATH=/home/mvibot/floorCleaningRobot_ws/install/realsense2_camera_msgs/lib/python3.12/site-packages:${PYTHONPATH} /usr/bin/cmake --build /home/mvibot/floorCleaningRobot_ws/build/realsense2_camera -- -j16 -l16
[28.569s] Invoking command in '/home/mvibot/floorCleaningRobot_ws/build/realsense2_camera': AMENT_PREFIX_PATH=/home/mvibot/floorCleaningRobot_ws/install/realsense2_camera_msgs:${AMENT_PREFIX_PATH} CMAKE_PREFIX_PATH=/home/mvibot/floorCleaningRobot_ws/install/realsense2_camera_msgs:/opt/ros/jazzy/opt/gz_sim_vendor:/opt/ros/jazzy/opt/gz_sensors_vendor:/opt/ros/jazzy/opt/gz_physics_vendor:/opt/ros/jazzy/opt/gz_gui_vendor:/opt/ros/jazzy/opt/gz_transport_vendor:/opt/ros/jazzy/opt/gz_rendering_vendor:/opt/ros/jazzy/opt/gz_plugin_vendor:/opt/ros/jazzy/opt/gz_fuel_tools_vendor:/opt/ros/jazzy/opt/gz_msgs_vendor:/opt/ros/jazzy/opt/gz_common_vendor:/opt/ros/jazzy/opt/gz_ogre_next_vendor:/opt/ros/jazzy/opt/gz_dartsim_vendor:/opt/ros/jazzy/opt/sdformat_vendor:/opt/ros/jazzy/opt/gz_math_vendor:/opt/ros/jazzy/opt/gz_utils_vendor:/opt/ros/jazzy/opt/gz_tools_vendor:/opt/ros/jazzy/opt/gz_cmake_vendor:/opt/ros/jazzy DEBUGINFOD_URLS=https://debuginfod.ubuntu.com LD_LIBRARY_PATH=/home/mvibot/floorCleaningRobot_ws/install/realsense2_camera_msgs/lib:${LD_LIBRARY_PATH} PYTHONPATH=/home/mvibot/floorCleaningRobot_ws/install/realsense2_camera_msgs/lib/python3.12/site-packages:${PYTHONPATH} /usr/bin/cmake --install /home/mvibot/floorCleaningRobot_ws/build/realsense2_camera
[28.574s] -- Install configuration: "Release"
[28.575s] -- Execute custom install script
[28.575s] -- Symlinking: /home/mvibot/floorCleaningRobot_ws/install/realsense2_camera/share/realsense2_camera/config/global_settings.yaml
[28.581s] -- Up-to-date symlink: /home/mvibot/floorCleaningRobot_ws/install/realsense2_camera/lib/realsense2_camera/realsense2_camera_node
[28.581s] -- Up-to-date symlink: /home/mvibot/floorCleaningRobot_ws/install/realsense2_camera/lib/librealsense2_camera.so
[28.582s] -- Symlinking: /home/mvibot/floorCleaningRobot_ws/install/realsense2_camera/include/align_depth_filter.h
[28.588s] -- Up-to-date symlink: /home/mvibot/floorCleaningRobot_ws/install/realsense2_camera/include/base_realsense_node.h
[28.588s] -- Up-to-date symlink: /home/mvibot/floorCleaningRobot_ws/install/realsense2_camera/include/constants.h
[28.588s] -- Up-to-date symlink: /home/mvibot/floorCleaningRobot_ws/install/realsense2_camera/include/dynamic_params.h
[28.588s] -- Up-to-date symlink: /home/mvibot/floorCleaningRobot_ws/install/realsense2_camera/include/gl_window.h
[28.588s] -- Up-to-date symlink: /home/mvibot/floorCleaningRobot_ws/install/realsense2_camera/include/image_publisher.h
[28.588s] -- Up-to-date symlink: /home/mvibot/floorCleaningRobot_ws/install/realsense2_camera/include/named_filter.h
[28.588s] -- Symlinking: /home/mvibot/floorCleaningRobot_ws/install/realsense2_camera/include/pointcloud_filter.h
[28.594s] -- Up-to-date symlink: /home/mvibot/floorCleaningRobot_ws/install/realsense2_camera/include/profile_manager.h
[28.594s] -- Up-to-date symlink: /home/mvibot/floorCleaningRobot_ws/install/realsense2_camera/include/realsense_node_factory.h
[28.595s] -- Symlinking: /home/mvibot/floorCleaningRobot_ws/install/realsense2_camera/include/ros_node_base.h
[28.601s] -- Up-to-date symlink: /home/mvibot/floorCleaningRobot_ws/install/realsense2_camera/include/ros_param_backend.h
[28.601s] -- Up-to-date symlink: /home/mvibot/floorCleaningRobot_ws/install/realsense2_camera/include/ros_sensor.h
[28.601s] -- Up-to-date symlink: /home/mvibot/floorCleaningRobot_ws/install/realsense2_camera/include/ros_utils.h
[28.602s] -- Up-to-date symlink: /home/mvibot/floorCleaningRobot_ws/install/realsense2_camera/include/sensor_params.h
[28.602s] -- Up-to-date symlink: /home/mvibot/floorCleaningRobot_ws/install/realsense2_camera/share/realsense2_camera/launch/default.rviz
[28.602s] -- Up-to-date symlink: /home/mvibot/floorCleaningRobot_ws/install/realsense2_camera/share/realsense2_camera/launch/rs_intra_process_demo_launch.py
[28.602s] -- Up-to-date symlink: /home/mvibot/floorCleaningRobot_ws/install/realsense2_camera/share/realsense2_camera/launch/rs_launch.py
[28.602s] -- Up-to-date symlink: /home/mvibot/floorCleaningRobot_ws/install/realsense2_camera/share/realsense2_camera/launch/rs_multi_camera_launch.py
[28.602s] -- Symlinking: /home/mvibot/floorCleaningRobot_ws/install/realsense2_camera/share/realsense2_camera/launch/rs_multi_camera_launch_sync.py
[28.610s] -- Up-to-date symlink: /home/mvibot/floorCleaningRobot_ws/install/realsense2_camera/share/realsense2_camera/examples/align_depth/README.md
[28.610s] -- Up-to-date symlink: /home/mvibot/floorCleaningRobot_ws/install/realsense2_camera/share/realsense2_camera/examples/align_depth/rs_align_depth_launch.py
[28.610s] -- Symlinking: /home/mvibot/floorCleaningRobot_ws/install/realsense2_camera/share/realsense2_camera/examples/d500_tables/calib_config_example.json
[28.617s] -- Up-to-date symlink: /home/mvibot/floorCleaningRobot_ws/install/realsense2_camera/share/realsense2_camera/examples/dual_camera/README.md
[28.617s] -- Up-to-date symlink: /home/mvibot/floorCleaningRobot_ws/install/realsense2_camera/share/realsense2_camera/examples/dual_camera/rs_dual_camera_launch.py
[28.617s] -- Up-to-date symlink: /home/mvibot/floorCleaningRobot_ws/install/realsense2_camera/share/realsense2_camera/examples/dual_camera/rviz/dual_camera_pointcloud.rviz
[28.617s] -- Up-to-date symlink: /home/mvibot/floorCleaningRobot_ws/install/realsense2_camera/share/realsense2_camera/examples/launch_from_rosbag/README.md
[28.617s] -- Up-to-date symlink: /home/mvibot/floorCleaningRobot_ws/install/realsense2_camera/share/realsense2_camera/examples/launch_from_rosbag/rs_launch_from_rosbag.py
[28.617s] -- Up-to-date symlink: /home/mvibot/floorCleaningRobot_ws/install/realsense2_camera/share/realsense2_camera/examples/launch_params_from_file/README.md
[28.617s] -- Up-to-date symlink: /home/mvibot/floorCleaningRobot_ws/install/realsense2_camera/share/realsense2_camera/examples/launch_params_from_file/config/config.yaml
[28.618s] -- Up-to-date symlink: /home/mvibot/floorCleaningRobot_ws/install/realsense2_camera/share/realsense2_camera/examples/launch_params_from_file/rs_launch_get_params_from_yaml.py
[28.618s] -- Up-to-date symlink: /home/mvibot/floorCleaningRobot_ws/install/realsense2_camera/share/realsense2_camera/examples/pointcloud/README.md
[28.618s] -- Up-to-date symlink: /home/mvibot/floorCleaningRobot_ws/install/realsense2_camera/share/realsense2_camera/examples/pointcloud/rs_d405_pointcloud_launch.py
[28.618s] -- Up-to-date symlink: /home/mvibot/floorCleaningRobot_ws/install/realsense2_camera/share/realsense2_camera/examples/pointcloud/rs_d455_pointcloud_launch.py
[28.618s] -- Symlinking: /home/mvibot/floorCleaningRobot_ws/install/realsense2_camera/share/realsense2_camera/examples/pointcloud/rs_pointcloud_infra_launch.py
[28.624s] -- Up-to-date symlink: /home/mvibot/floorCleaningRobot_ws/install/realsense2_camera/share/realsense2_camera/examples/pointcloud/rs_pointcloud_launch.py
[28.624s] -- Up-to-date symlink: /home/mvibot/floorCleaningRobot_ws/install/realsense2_camera/share/realsense2_camera/examples/pointcloud/rviz/pointcloud.rviz
[28.625s] -- Up-to-date symlink: /home/mvibot/floorCleaningRobot_ws/install/realsense2_camera/share/realsense2_camera/examples/pointcloud/rviz/urdf_pointcloud.rviz
[28.625s] -- Up-to-date symlink: /home/mvibot/floorCleaningRobot_ws/install/realsense2_camera/share/realsense2_camera/environment/library_path.sh
[28.625s] -- Up-to-date symlink: /home/mvibot/floorCleaningRobot_ws/install/realsense2_camera/share/realsense2_camera/environment/library_path.dsv
[28.625s] -- Up-to-date symlink: /home/mvibot/floorCleaningRobot_ws/install/realsense2_camera/share/ament_index/resource_index/package_run_dependencies/realsense2_camera
[28.625s] -- Up-to-date symlink: /home/mvibot/floorCleaningRobot_ws/install/realsense2_camera/share/ament_index/resource_index/parent_prefix_path/realsense2_camera
[28.625s] -- Up-to-date symlink: /home/mvibot/floorCleaningRobot_ws/install/realsense2_camera/share/realsense2_camera/environment/ament_prefix_path.sh
[28.625s] -- Up-to-date symlink: /home/mvibot/floorCleaningRobot_ws/install/realsense2_camera/share/realsense2_camera/environment/ament_prefix_path.dsv
[28.625s] -- Up-to-date symlink: /home/mvibot/floorCleaningRobot_ws/install/realsense2_camera/share/realsense2_camera/environment/path.sh
[28.626s] -- Up-to-date symlink: /home/mvibot/floorCleaningRobot_ws/install/realsense2_camera/share/realsense2_camera/environment/path.dsv
[28.626s] -- Up-to-date symlink: /home/mvibot/floorCleaningRobot_ws/install/realsense2_camera/share/realsense2_camera/local_setup.bash
[28.626s] -- Up-to-date symlink: /home/mvibot/floorCleaningRobot_ws/install/realsense2_camera/share/realsense2_camera/local_setup.sh
[28.626s] -- Up-to-date symlink: /home/mvibot/floorCleaningRobot_ws/install/realsense2_camera/share/realsense2_camera/local_setup.zsh
[28.626s] -- Up-to-date symlink: /home/mvibot/floorCleaningRobot_ws/install/realsense2_camera/share/realsense2_camera/local_setup.dsv
[28.626s] -- Symlinking: /home/mvibot/floorCleaningRobot_ws/install/realsense2_camera/share/realsense2_camera/package.dsv
[28.633s] -- Up-to-date symlink: /home/mvibot/floorCleaningRobot_ws/install/realsense2_camera/share/ament_index/resource_index/packages/realsense2_camera
[28.633s] -- Up-to-date symlink: /home/mvibot/floorCleaningRobot_ws/install/realsense2_camera/share/ament_index/resource_index/rclcpp_components/realsense2_camera
[28.633s] -- Up-to-date symlink: /home/mvibot/floorCleaningRobot_ws/install/realsense2_camera/share/realsense2_camera/cmake/ament_cmake_export_include_directories-extras.cmake
[28.633s] -- Up-to-date symlink: /home/mvibot/floorCleaningRobot_ws/install/realsense2_camera/share/realsense2_camera/cmake/ament_cmake_export_libraries-extras.cmake
[28.634s] -- Up-to-date symlink: /home/mvibot/floorCleaningRobot_ws/install/realsense2_camera/share/realsense2_camera/cmake/ament_cmake_export_dependencies-extras.cmake
[28.634s] -- Up-to-date symlink: /home/mvibot/floorCleaningRobot_ws/install/realsense2_camera/share/realsense2_camera/cmake/realsense2_cameraConfig.cmake
[28.634s] -- Up-to-date symlink: /home/mvibot/floorCleaningRobot_ws/install/realsense2_camera/share/realsense2_camera/cmake/realsense2_cameraConfig-version.cmake
[28.634s] -- Up-to-date symlink: /home/mvibot/floorCleaningRobot_ws/install/realsense2_camera/share/realsense2_camera/package.xml
[28.635s] Invoked command in '/home/mvibot/floorCleaningRobot_ws/build/realsense2_camera' returned '0': AMENT_PREFIX_PATH=/home/mvibot/floorCleaningRobot_ws/install/realsense2_camera_msgs:${AMENT_PREFIX_PATH} CMAKE_PREFIX_PATH=/home/mvibot/floorCleaningRobot_ws/install/realsense2_camera_msgs:/opt/ros/jazzy/opt/gz_sim_vendor:/opt/ros/jazzy/opt/gz_sensors_vendor:/opt/ros/jazzy/opt/gz_physics_vendor:/opt/ros/jazzy/opt/gz_gui_vendor:/opt/ros/jazzy/opt/gz_transport_vendor:/opt/ros/jazzy/opt/gz_rendering_vendor:/opt/ros/jazzy/opt/gz_plugin_vendor:/opt/ros/jazzy/opt/gz_fuel_tools_vendor:/opt/ros/jazzy/opt/gz_msgs_vendor:/opt/ros/jazzy/opt/gz_common_vendor:/opt/ros/jazzy/opt/gz_ogre_next_vendor:/opt/ros/jazzy/opt/gz_dartsim_vendor:/opt/ros/jazzy/opt/sdformat_vendor:/opt/ros/jazzy/opt/gz_math_vendor:/opt/ros/jazzy/opt/gz_utils_vendor:/opt/ros/jazzy/opt/gz_tools_vendor:/opt/ros/jazzy/opt/gz_cmake_vendor:/opt/ros/jazzy DEBUGINFOD_URLS=https://debuginfod.ubuntu.com LD_LIBRARY_PATH=/home/mvibot/floorCleaningRobot_ws/install/realsense2_camera_msgs/lib:${LD_LIBRARY_PATH} PYTHONPATH=/home/mvibot/floorCleaningRobot_ws/install/realsense2_camera_msgs/lib/python3.12/site-packages:${PYTHONPATH} /usr/bin/cmake --install /home/mvibot/floorCleaningRobot_ws/build/realsense2_camera
