[0.013s] Invoking command in '/home/mvibot/floorCleaningRobot_ws/build/tf2_web_republisher_interfaces': CMAKE_PREFIX_PATH=${CMAKE_PREFIX_PATH}:/home/mvibot/floorCleaningRobot_ws/install/opennav_coverage_demo:/opt/ros/jazzy DEBUGINFOD_URLS=https://debuginfod.ubuntu.com /usr/bin/cmake /home/mvibot/floorCleaningRobot_ws/src/tf2_web_republisher/tf2_web_republisher_interfaces -DAMENT_CMAKE_SYMLINK_INSTALL=1 -DCMAKE_INSTALL_PREFIX=/home/mvibot/floorCleaningRobot_ws/install/tf2_web_republisher_interfaces
[0.175s] -- The C compiler identification is GNU 13.3.0
[0.278s] -- The CXX compiler identification is GNU 13.3.0
[0.297s] -- Detecting C compiler ABI info
[0.370s] -- Detecting C compiler ABI info - done
[0.377s] -- Check for working C compiler: /usr/bin/cc - skipped
[0.378s] -- Detecting C compile features
[0.378s] -- Detecting C compile features - done
[0.386s] -- Detecting CXX compiler ABI info
[0.458s] -- Detecting CXX compiler ABI info - done
[0.466s] -- Check for working CXX compiler: /usr/bin/c++ - skipped
[0.466s] -- Detecting CXX compile features
[0.467s] -- Detecting CXX compile features - done
[0.478s] -- Found ament_cmake: 2.5.4 (/opt/ros/jazzy/share/ament_cmake/cmake)
[0.612s] -- Found Python3: /usr/bin/python3 (found version "3.12.3") found components: Interpreter 
[0.684s] -- Override CMake install command with custom implementation using symlinks instead of copying resources
[0.763s] -- Found builtin_interfaces: 2.0.3 (/opt/ros/jazzy/share/builtin_interfaces/cmake)
[0.825s] -- Found rosidl_generator_c: 4.6.6 (/opt/ros/jazzy/share/rosidl_generator_c/cmake)
[0.848s] -- Found rosidl_generator_cpp: 4.6.6 (/opt/ros/jazzy/share/rosidl_generator_cpp/cmake)
[0.880s] -- Using all available rosidl_typesupport_c: rosidl_typesupport_fastrtps_c;rosidl_typesupport_introspection_c
[0.911s] -- Using all available rosidl_typesupport_cpp: rosidl_typesupport_fastrtps_cpp;rosidl_typesupport_introspection_cpp
[0.936s] -- Found geometry_msgs: 5.3.6 (/opt/ros/jazzy/share/geometry_msgs/cmake)
[0.996s] -- Found rosidl_default_generators: 1.6.0 (/opt/ros/jazzy/share/rosidl_default_generators/cmake)
[1.022s] -- Found rosidl_adapter: 4.6.6 (/opt/ros/jazzy/share/rosidl_adapter/cmake)
[1.624s] -- Found ament_cmake_ros: 0.12.0 (/opt/ros/jazzy/share/ament_cmake_ros/cmake)
[2.314s] -- Using all available rosidl_typesupport_c: rosidl_typesupport_fastrtps_c;rosidl_typesupport_introspection_c
[2.577s] -- Using all available rosidl_typesupport_cpp: rosidl_typesupport_fastrtps_cpp;rosidl_typesupport_introspection_cpp
[2.582s] -- Found python_cmake_module: 0.11.1 (/opt/ros/jazzy/share/python_cmake_module/cmake)
[2.684s] -- Found PythonExtra: /usr/bin/python3  
[3.154s] -- Found Python3: /usr/bin/python3 (found version "3.12.3") found components: Interpreter Development NumPy Development.Module Development.Embed 
[3.227s] -- Configuring done (3.2s)
[3.273s] -- Generating done (0.0s)
[3.282s] -- Build files have been written to: /home/mvibot/floorCleaningRobot_ws/build/tf2_web_republisher_interfaces
[3.290s] Invoked command in '/home/mvibot/floorCleaningRobot_ws/build/tf2_web_republisher_interfaces' returned '0': CMAKE_PREFIX_PATH=${CMAKE_PREFIX_PATH}:/home/mvibot/floorCleaningRobot_ws/install/opennav_coverage_demo:/opt/ros/jazzy DEBUGINFOD_URLS=https://debuginfod.ubuntu.com /usr/bin/cmake /home/mvibot/floorCleaningRobot_ws/src/tf2_web_republisher/tf2_web_republisher_interfaces -DAMENT_CMAKE_SYMLINK_INSTALL=1 -DCMAKE_INSTALL_PREFIX=/home/mvibot/floorCleaningRobot_ws/install/tf2_web_republisher_interfaces
[3.290s] Invoking command in '/home/mvibot/floorCleaningRobot_ws/build/tf2_web_republisher_interfaces': CMAKE_PREFIX_PATH=${CMAKE_PREFIX_PATH}:/home/mvibot/floorCleaningRobot_ws/install/opennav_coverage_demo:/opt/ros/jazzy DEBUGINFOD_URLS=https://debuginfod.ubuntu.com /usr/bin/cmake --build /home/mvibot/floorCleaningRobot_ws/build/tf2_web_republisher_interfaces -- -j16 -l16
[3.329s] [  1%] [34m[1mGenerating type hashes for ROS interfaces[0m
[3.334s] [  1%] Built target ament_cmake_python_symlink_tf2_web_republisher_interfaces
[3.550s] running egg_info
[3.551s] creating tf2_web_republisher_interfaces.egg-info
[3.562s] [  1%] Built target tf2_web_republisher_interfaces__rosidl_generator_type_description
[3.570s] writing tf2_web_republisher_interfaces.egg-info/PKG-INFO
[3.570s] [  3%] [34m[1mGenerating C code for ROS interfaces[0m
[3.570s] writing dependency_links to tf2_web_republisher_interfaces.egg-info/dependency_links.txt
[3.570s] writing top-level names to tf2_web_republisher_interfaces.egg-info/top_level.txt
[3.570s] writing manifest file 'tf2_web_republisher_interfaces.egg-info/SOURCES.txt'
[3.578s] [  5%] [34m[1mGenerating C++ code for ROS interfaces[0m
[3.629s] reading manifest file 'tf2_web_republisher_interfaces.egg-info/SOURCES.txt'
[3.630s] writing manifest file 'tf2_web_republisher_interfaces.egg-info/SOURCES.txt'
[3.649s] [  5%] Built target ament_cmake_python_build_tf2_web_republisher_interfaces_egg
[4.058s] [  5%] Built target tf2_web_republisher_interfaces__cpp
[4.126s] [ 12%] [32mBuilding C object CMakeFiles/tf2_web_republisher_interfaces__rosidl_generator_c.dir/rosidl_generator_c/tf2_web_republisher_interfaces/srv/detail/republish_t_fs__type_support.c.o[0m
[4.126s] [ 12%] [32mBuilding C object CMakeFiles/tf2_web_republisher_interfaces__rosidl_generator_c.dir/rosidl_generator_c/tf2_web_republisher_interfaces/msg/detail/tf_array__description.c.o[0m
[4.126s] [ 12%] [32mBuilding C object CMakeFiles/tf2_web_republisher_interfaces__rosidl_generator_c.dir/rosidl_generator_c/tf2_web_republisher_interfaces/msg/detail/tf_array__type_support.c.o[0m
[4.126s] [ 12%] [32mBuilding C object CMakeFiles/tf2_web_republisher_interfaces__rosidl_generator_c.dir/rosidl_generator_c/tf2_web_republisher_interfaces/srv/detail/republish_t_fs__description.c.o[0m
[4.127s] [ 14%] [32mBuilding C object CMakeFiles/tf2_web_republisher_interfaces__rosidl_generator_c.dir/rosidl_generator_c/tf2_web_republisher_interfaces/msg/detail/tf_array__functions.c.o[0m
[4.127s] [ 16%] [32mBuilding C object CMakeFiles/tf2_web_republisher_interfaces__rosidl_generator_c.dir/rosidl_generator_c/tf2_web_republisher_interfaces/srv/detail/republish_t_fs__functions.c.o[0m
[4.128s] [ 18%] [32mBuilding C object CMakeFiles/tf2_web_republisher_interfaces__rosidl_generator_c.dir/rosidl_generator_c/tf2_web_republisher_interfaces/action/detail/tf_subscription__description.c.o[0m
[4.128s] [ 22%] [32mBuilding C object CMakeFiles/tf2_web_republisher_interfaces__rosidl_generator_c.dir/rosidl_generator_c/tf2_web_republisher_interfaces/action/detail/tf_subscription__type_support.c.o[0m
[4.128s] [ 22%] [32mBuilding C object CMakeFiles/tf2_web_republisher_interfaces__rosidl_generator_c.dir/rosidl_generator_c/tf2_web_republisher_interfaces/action/detail/tf_subscription__functions.c.o[0m
[4.261s] [ 24%] [32m[1mLinking C shared library libtf2_web_republisher_interfaces__rosidl_generator_c.so[0m
[4.292s] [ 24%] Built target tf2_web_republisher_interfaces__rosidl_generator_c
[4.300s] [ 35%] [34m[1mGenerating C introspection for ROS interfaces[0m
[4.300s] [ 35%] [34m[1mGenerating C type support for eProsima Fast-RTPS[0m
[4.300s] [ 35%] [34m[1mGenerating C++ introspection for ROS interfaces[0m
[4.300s] [ 35%] [34m[1mGenerating C type support dispatch for ROS interfaces[0m
[4.301s] [ 35%] [34m[1mGenerating C++ type support dispatch for ROS interfaces[0m
[4.301s] [ 35%] [34m[1mGenerating C++ type support for eProsima Fast-RTPS[0m
[4.612s] [ 37%] [32mBuilding CXX object CMakeFiles/tf2_web_republisher_interfaces__rosidl_typesupport_c.dir/rosidl_typesupport_c/tf2_web_republisher_interfaces/msg/tf_array__type_support.cpp.o[0m
[4.613s] [ 38%] [32mBuilding CXX object CMakeFiles/tf2_web_republisher_interfaces__rosidl_typesupport_c.dir/rosidl_typesupport_c/tf2_web_republisher_interfaces/action/tf_subscription__type_support.cpp.o[0m
[4.615s] [ 40%] [32mBuilding CXX object CMakeFiles/tf2_web_republisher_interfaces__rosidl_typesupport_c.dir/rosidl_typesupport_c/tf2_web_republisher_interfaces/srv/republish_t_fs__type_support.cpp.o[0m
[4.624s] [ 42%] [32mBuilding CXX object CMakeFiles/tf2_web_republisher_interfaces__rosidl_typesupport_cpp.dir/rosidl_typesupport_cpp/tf2_web_republisher_interfaces/msg/tf_array__type_support.cpp.o[0m
[4.626s] [ 46%] [32mBuilding CXX object CMakeFiles/tf2_web_republisher_interfaces__rosidl_typesupport_cpp.dir/rosidl_typesupport_cpp/tf2_web_republisher_interfaces/srv/republish_t_fs__type_support.cpp.o[0m
[4.627s] [ 46%] [32mBuilding CXX object CMakeFiles/tf2_web_republisher_interfaces__rosidl_typesupport_cpp.dir/rosidl_typesupport_cpp/tf2_web_republisher_interfaces/action/tf_subscription__type_support.cpp.o[0m
[4.668s] [ 48%] [32m[1mLinking CXX shared library libtf2_web_republisher_interfaces__rosidl_typesupport_c.so[0m
[4.684s] [ 50%] [32mBuilding CXX object CMakeFiles/tf2_web_republisher_interfaces__rosidl_typesupport_introspection_cpp.dir/rosidl_typesupport_introspection_cpp/tf2_web_republisher_interfaces/msg/detail/tf_array__type_support.cpp.o[0m
[4.684s] [ 51%] [32mBuilding CXX object CMakeFiles/tf2_web_republisher_interfaces__rosidl_typesupport_introspection_cpp.dir/rosidl_typesupport_introspection_cpp/tf2_web_republisher_interfaces/action/detail/tf_subscription__type_support.cpp.o[0m
[4.686s] [ 53%] [32mBuilding CXX object CMakeFiles/tf2_web_republisher_interfaces__rosidl_typesupport_introspection_cpp.dir/rosidl_typesupport_introspection_cpp/tf2_web_republisher_interfaces/srv/detail/republish_t_fs__type_support.cpp.o[0m
[4.706s] [ 53%] Built target tf2_web_republisher_interfaces__rosidl_typesupport_c
[4.741s] [ 57%] [32mBuilding C object CMakeFiles/tf2_web_republisher_interfaces__rosidl_typesupport_introspection_c.dir/rosidl_typesupport_introspection_c/tf2_web_republisher_interfaces/msg/detail/tf_array__type_support.c.o[0m
[4.742s] [ 57%] [32mBuilding C object CMakeFiles/tf2_web_republisher_interfaces__rosidl_typesupport_introspection_c.dir/rosidl_typesupport_introspection_c/tf2_web_republisher_interfaces/action/detail/tf_subscription__type_support.c.o[0m
[4.744s] [ 59%] [32mBuilding C object CMakeFiles/tf2_web_republisher_interfaces__rosidl_typesupport_introspection_c.dir/rosidl_typesupport_introspection_c/tf2_web_republisher_interfaces/srv/detail/republish_t_fs__type_support.c.o[0m
[4.801s] [ 61%] [32m[1mLinking C shared library libtf2_web_republisher_interfaces__rosidl_typesupport_introspection_c.so[0m
[4.834s] [ 61%] Built target tf2_web_republisher_interfaces__rosidl_typesupport_introspection_c
[4.871s] [ 64%] [32mBuilding CXX object CMakeFiles/tf2_web_republisher_interfaces__rosidl_typesupport_fastrtps_cpp.dir/rosidl_typesupport_fastrtps_cpp/tf2_web_republisher_interfaces/msg/detail/dds_fastrtps/tf_array__type_support.cpp.o[0m
[4.871s] [ 64%] [32mBuilding CXX object CMakeFiles/tf2_web_republisher_interfaces__rosidl_typesupport_fastrtps_cpp.dir/rosidl_typesupport_fastrtps_cpp/tf2_web_republisher_interfaces/action/detail/dds_fastrtps/tf_subscription__type_support.cpp.o[0m
[4.873s] [ 66%] [32mBuilding CXX object CMakeFiles/tf2_web_republisher_interfaces__rosidl_typesupport_fastrtps_cpp.dir/rosidl_typesupport_fastrtps_cpp/tf2_web_republisher_interfaces/srv/detail/dds_fastrtps/republish_t_fs__type_support.cpp.o[0m
[4.940s] [ 70%] [32mBuilding CXX object CMakeFiles/tf2_web_republisher_interfaces__rosidl_typesupport_fastrtps_c.dir/rosidl_typesupport_fastrtps_c/tf2_web_republisher_interfaces/action/detail/tf_subscription__type_support_c.cpp.o[0m
[4.940s] [ 68%] [32mBuilding CXX object CMakeFiles/tf2_web_republisher_interfaces__rosidl_typesupport_fastrtps_c.dir/rosidl_typesupport_fastrtps_c/tf2_web_republisher_interfaces/msg/detail/tf_array__type_support_c.cpp.o[0m
[4.944s] [ 72%] [32mBuilding CXX object CMakeFiles/tf2_web_republisher_interfaces__rosidl_typesupport_fastrtps_c.dir/rosidl_typesupport_fastrtps_c/tf2_web_republisher_interfaces/srv/detail/republish_t_fs__type_support_c.cpp.o[0m
[5.415s] [ 74%] [32m[1mLinking CXX shared library libtf2_web_republisher_interfaces__rosidl_typesupport_cpp.so[0m
[5.489s] [ 75%] [32m[1mLinking CXX shared library libtf2_web_republisher_interfaces__rosidl_typesupport_introspection_cpp.so[0m
[5.489s] [ 75%] Built target tf2_web_republisher_interfaces__rosidl_typesupport_cpp
[5.576s] [ 75%] Built target tf2_web_republisher_interfaces__rosidl_typesupport_introspection_cpp
[5.657s] [ 77%] [32m[1mLinking CXX shared library libtf2_web_republisher_interfaces__rosidl_typesupport_fastrtps_c.so[0m
[5.717s] [ 77%] Built target tf2_web_republisher_interfaces__rosidl_typesupport_fastrtps_c
[5.985s] [ 79%] [32m[1mLinking CXX shared library libtf2_web_republisher_interfaces__rosidl_typesupport_fastrtps_cpp.so[0m
[6.047s] [ 79%] Built target tf2_web_republisher_interfaces__rosidl_typesupport_fastrtps_cpp
[6.062s] [ 79%] Built target tf2_web_republisher_interfaces
[6.079s] [ 81%] [34m[1mGenerating Python code for ROS interfaces[0m
[6.912s] [ 81%] Built target tf2_web_republisher_interfaces__py
[6.931s] [ 87%] [32mBuilding C object CMakeFiles/tf2_web_republisher_interfaces__rosidl_generator_py.dir/rosidl_generator_py/tf2_web_republisher_interfaces/srv/_republish_t_fs_s.c.o[0m
[6.931s] [ 87%] [32mBuilding C object CMakeFiles/tf2_web_republisher_interfaces__rosidl_generator_py.dir/rosidl_generator_py/tf2_web_republisher_interfaces/msg/_tf_array_s.c.o[0m
[6.931s] [ 87%] [32mBuilding C object CMakeFiles/tf2_web_republisher_interfaces__rosidl_generator_py.dir/rosidl_generator_py/tf2_web_republisher_interfaces/action/_tf_subscription_s.c.o[0m
[7.129s] [ 88%] [32m[1mLinking C shared library libtf2_web_republisher_interfaces__rosidl_generator_py.so[0m
[7.170s] [ 88%] Built target tf2_web_republisher_interfaces__rosidl_generator_py
[7.186s] [ 94%] [32mBuilding C object CMakeFiles/tf2_web_republisher_interfaces_s__rosidl_typesupport_c.dir/rosidl_generator_py/tf2_web_republisher_interfaces/_tf2_web_republisher_interfaces_s.ep.rosidl_typesupport_c.c.o[0m
[7.186s] [ 94%] [32mBuilding C object CMakeFiles/tf2_web_republisher_interfaces_s__rosidl_typesupport_introspection_c.dir/rosidl_generator_py/tf2_web_republisher_interfaces/_tf2_web_republisher_interfaces_s.ep.rosidl_typesupport_introspection_c.c.o[0m
[7.186s] [ 94%] [32mBuilding C object CMakeFiles/tf2_web_republisher_interfaces_s__rosidl_typesupport_fastrtps_c.dir/rosidl_generator_py/tf2_web_republisher_interfaces/_tf2_web_republisher_interfaces_s.ep.rosidl_typesupport_fastrtps_c.c.o[0m
[7.294s] [ 98%] [32m[1mLinking C shared module rosidl_generator_py/tf2_web_republisher_interfaces/tf2_web_republisher_interfaces_s__rosidl_typesupport_c.so[0m
[7.295s] [ 98%] [32m[1mLinking C shared module rosidl_generator_py/tf2_web_republisher_interfaces/tf2_web_republisher_interfaces_s__rosidl_typesupport_introspection_c.so[0m
[7.295s] [100%] [32m[1mLinking C shared module rosidl_generator_py/tf2_web_republisher_interfaces/tf2_web_republisher_interfaces_s__rosidl_typesupport_fastrtps_c.so[0m
[7.320s] [100%] Built target tf2_web_republisher_interfaces_s__rosidl_typesupport_fastrtps_c
[7.320s] [100%] Built target tf2_web_republisher_interfaces_s__rosidl_typesupport_c
[7.321s] [100%] Built target tf2_web_republisher_interfaces_s__rosidl_typesupport_introspection_c
[7.330s] Invoked command in '/home/mvibot/floorCleaningRobot_ws/build/tf2_web_republisher_interfaces' returned '0': CMAKE_PREFIX_PATH=${CMAKE_PREFIX_PATH}:/home/mvibot/floorCleaningRobot_ws/install/opennav_coverage_demo:/opt/ros/jazzy DEBUGINFOD_URLS=https://debuginfod.ubuntu.com /usr/bin/cmake --build /home/mvibot/floorCleaningRobot_ws/build/tf2_web_republisher_interfaces -- -j16 -l16
[7.337s] Invoking command in '/home/mvibot/floorCleaningRobot_ws/build/tf2_web_republisher_interfaces': CMAKE_PREFIX_PATH=${CMAKE_PREFIX_PATH}:/home/mvibot/floorCleaningRobot_ws/install/opennav_coverage_demo:/opt/ros/jazzy DEBUGINFOD_URLS=https://debuginfod.ubuntu.com /usr/bin/cmake --install /home/mvibot/floorCleaningRobot_ws/build/tf2_web_republisher_interfaces
[7.344s] -- Install configuration: ""
[7.344s] -- Execute custom install script
[7.344s] -- Symlinking: /home/mvibot/floorCleaningRobot_ws/install/tf2_web_republisher_interfaces/share/ament_index/resource_index/rosidl_interfaces/tf2_web_republisher_interfaces
[7.351s] -- Symlinking: /home/mvibot/floorCleaningRobot_ws/install/tf2_web_republisher_interfaces/share/tf2_web_republisher_interfaces/msg/TFArray.json
[7.358s] -- Symlinking: /home/mvibot/floorCleaningRobot_ws/install/tf2_web_republisher_interfaces/share/tf2_web_republisher_interfaces/srv/RepublishTFs.json
[7.364s] -- Symlinking: /home/mvibot/floorCleaningRobot_ws/install/tf2_web_republisher_interfaces/share/tf2_web_republisher_interfaces/action/TFSubscription.json
[7.371s] -- Symlinking: /home/mvibot/floorCleaningRobot_ws/install/tf2_web_republisher_interfaces/include/tf2_web_republisher_interfaces/tf2_web_republisher_interfaces/action/detail/tf_subscription__functions.h
[7.378s] -- Symlinking: /home/mvibot/floorCleaningRobot_ws/install/tf2_web_republisher_interfaces/include/tf2_web_republisher_interfaces/tf2_web_republisher_interfaces/action/detail/tf_subscription__struct.h
[7.384s] -- Symlinking: /home/mvibot/floorCleaningRobot_ws/install/tf2_web_republisher_interfaces/include/tf2_web_republisher_interfaces/tf2_web_republisher_interfaces/action/detail/tf_subscription__type_support.h
[7.390s] -- Symlinking: /home/mvibot/floorCleaningRobot_ws/install/tf2_web_republisher_interfaces/include/tf2_web_republisher_interfaces/tf2_web_republisher_interfaces/action/tf_subscription.h
[7.396s] -- Symlinking: /home/mvibot/floorCleaningRobot_ws/install/tf2_web_republisher_interfaces/include/tf2_web_republisher_interfaces/tf2_web_republisher_interfaces/msg/detail/tf_array__functions.h
[7.402s] -- Symlinking: /home/mvibot/floorCleaningRobot_ws/install/tf2_web_republisher_interfaces/include/tf2_web_republisher_interfaces/tf2_web_republisher_interfaces/msg/detail/tf_array__struct.h
[7.408s] -- Symlinking: /home/mvibot/floorCleaningRobot_ws/install/tf2_web_republisher_interfaces/include/tf2_web_republisher_interfaces/tf2_web_republisher_interfaces/msg/detail/tf_array__type_support.h
[7.415s] -- Symlinking: /home/mvibot/floorCleaningRobot_ws/install/tf2_web_republisher_interfaces/include/tf2_web_republisher_interfaces/tf2_web_republisher_interfaces/msg/rosidl_generator_c__visibility_control.h
[7.422s] -- Symlinking: /home/mvibot/floorCleaningRobot_ws/install/tf2_web_republisher_interfaces/include/tf2_web_republisher_interfaces/tf2_web_republisher_interfaces/msg/tf_array.h
[7.428s] -- Symlinking: /home/mvibot/floorCleaningRobot_ws/install/tf2_web_republisher_interfaces/include/tf2_web_republisher_interfaces/tf2_web_republisher_interfaces/srv/detail/republish_t_fs__functions.h
[7.434s] -- Symlinking: /home/mvibot/floorCleaningRobot_ws/install/tf2_web_republisher_interfaces/include/tf2_web_republisher_interfaces/tf2_web_republisher_interfaces/srv/detail/republish_t_fs__struct.h
[7.441s] -- Symlinking: /home/mvibot/floorCleaningRobot_ws/install/tf2_web_republisher_interfaces/include/tf2_web_republisher_interfaces/tf2_web_republisher_interfaces/srv/detail/republish_t_fs__type_support.h
[7.447s] -- Symlinking: /home/mvibot/floorCleaningRobot_ws/install/tf2_web_republisher_interfaces/include/tf2_web_republisher_interfaces/tf2_web_republisher_interfaces/srv/republish_t_fs.h
[7.453s] -- Symlinking: /home/mvibot/floorCleaningRobot_ws/install/tf2_web_republisher_interfaces/share/tf2_web_republisher_interfaces/environment/library_path.sh
[7.460s] -- Symlinking: /home/mvibot/floorCleaningRobot_ws/install/tf2_web_republisher_interfaces/share/tf2_web_republisher_interfaces/environment/library_path.dsv
[7.466s] -- Symlinking: /home/mvibot/floorCleaningRobot_ws/install/tf2_web_republisher_interfaces/include/tf2_web_republisher_interfaces/tf2_web_republisher_interfaces/action/detail/tf_subscription__rosidl_typesupport_fastrtps_c.h
[7.472s] -- Symlinking: /home/mvibot/floorCleaningRobot_ws/install/tf2_web_republisher_interfaces/include/tf2_web_republisher_interfaces/tf2_web_republisher_interfaces/msg/detail/tf_array__rosidl_typesupport_fastrtps_c.h
[7.479s] -- Symlinking: /home/mvibot/floorCleaningRobot_ws/install/tf2_web_republisher_interfaces/include/tf2_web_republisher_interfaces/tf2_web_republisher_interfaces/msg/rosidl_typesupport_fastrtps_c__visibility_control.h
[7.485s] -- Symlinking: /home/mvibot/floorCleaningRobot_ws/install/tf2_web_republisher_interfaces/include/tf2_web_republisher_interfaces/tf2_web_republisher_interfaces/srv/detail/republish_t_fs__rosidl_typesupport_fastrtps_c.h
[7.492s] -- Symlinking: /home/mvibot/floorCleaningRobot_ws/install/tf2_web_republisher_interfaces/include/tf2_web_republisher_interfaces/tf2_web_republisher_interfaces/action/detail/tf_subscription__builder.hpp
[7.499s] -- Symlinking: /home/mvibot/floorCleaningRobot_ws/install/tf2_web_republisher_interfaces/include/tf2_web_republisher_interfaces/tf2_web_republisher_interfaces/action/detail/tf_subscription__struct.hpp
[7.505s] -- Symlinking: /home/mvibot/floorCleaningRobot_ws/install/tf2_web_republisher_interfaces/include/tf2_web_republisher_interfaces/tf2_web_republisher_interfaces/action/detail/tf_subscription__traits.hpp
[7.513s] -- Symlinking: /home/mvibot/floorCleaningRobot_ws/install/tf2_web_republisher_interfaces/include/tf2_web_republisher_interfaces/tf2_web_republisher_interfaces/action/detail/tf_subscription__type_support.hpp
[7.521s] -- Symlinking: /home/mvibot/floorCleaningRobot_ws/install/tf2_web_republisher_interfaces/include/tf2_web_republisher_interfaces/tf2_web_republisher_interfaces/action/tf_subscription.hpp
[7.528s] -- Symlinking: /home/mvibot/floorCleaningRobot_ws/install/tf2_web_republisher_interfaces/include/tf2_web_republisher_interfaces/tf2_web_republisher_interfaces/msg/detail/tf_array__builder.hpp
[7.535s] -- Symlinking: /home/mvibot/floorCleaningRobot_ws/install/tf2_web_republisher_interfaces/include/tf2_web_republisher_interfaces/tf2_web_republisher_interfaces/msg/detail/tf_array__struct.hpp
[7.542s] -- Symlinking: /home/mvibot/floorCleaningRobot_ws/install/tf2_web_republisher_interfaces/include/tf2_web_republisher_interfaces/tf2_web_republisher_interfaces/msg/detail/tf_array__traits.hpp
[7.549s] -- Symlinking: /home/mvibot/floorCleaningRobot_ws/install/tf2_web_republisher_interfaces/include/tf2_web_republisher_interfaces/tf2_web_republisher_interfaces/msg/detail/tf_array__type_support.hpp
[7.556s] -- Symlinking: /home/mvibot/floorCleaningRobot_ws/install/tf2_web_republisher_interfaces/include/tf2_web_republisher_interfaces/tf2_web_republisher_interfaces/msg/rosidl_generator_cpp__visibility_control.hpp
[7.563s] -- Symlinking: /home/mvibot/floorCleaningRobot_ws/install/tf2_web_republisher_interfaces/include/tf2_web_republisher_interfaces/tf2_web_republisher_interfaces/msg/tf_array.hpp
[7.570s] -- Symlinking: /home/mvibot/floorCleaningRobot_ws/install/tf2_web_republisher_interfaces/include/tf2_web_republisher_interfaces/tf2_web_republisher_interfaces/srv/detail/republish_t_fs__builder.hpp
[7.577s] -- Symlinking: /home/mvibot/floorCleaningRobot_ws/install/tf2_web_republisher_interfaces/include/tf2_web_republisher_interfaces/tf2_web_republisher_interfaces/srv/detail/republish_t_fs__struct.hpp
[7.584s] -- Symlinking: /home/mvibot/floorCleaningRobot_ws/install/tf2_web_republisher_interfaces/include/tf2_web_republisher_interfaces/tf2_web_republisher_interfaces/srv/detail/republish_t_fs__traits.hpp
[7.591s] -- Symlinking: /home/mvibot/floorCleaningRobot_ws/install/tf2_web_republisher_interfaces/include/tf2_web_republisher_interfaces/tf2_web_republisher_interfaces/srv/detail/republish_t_fs__type_support.hpp
[7.598s] -- Symlinking: /home/mvibot/floorCleaningRobot_ws/install/tf2_web_republisher_interfaces/include/tf2_web_republisher_interfaces/tf2_web_republisher_interfaces/srv/republish_t_fs.hpp
[7.606s] -- Symlinking: /home/mvibot/floorCleaningRobot_ws/install/tf2_web_republisher_interfaces/include/tf2_web_republisher_interfaces/tf2_web_republisher_interfaces/action/detail/tf_subscription__rosidl_typesupport_fastrtps_cpp.hpp
[7.613s] -- Symlinking: /home/mvibot/floorCleaningRobot_ws/install/tf2_web_republisher_interfaces/include/tf2_web_republisher_interfaces/tf2_web_republisher_interfaces/msg/detail/tf_array__rosidl_typesupport_fastrtps_cpp.hpp
[7.621s] -- Symlinking: /home/mvibot/floorCleaningRobot_ws/install/tf2_web_republisher_interfaces/include/tf2_web_republisher_interfaces/tf2_web_republisher_interfaces/msg/rosidl_typesupport_fastrtps_cpp__visibility_control.h
[7.628s] -- Symlinking: /home/mvibot/floorCleaningRobot_ws/install/tf2_web_republisher_interfaces/include/tf2_web_republisher_interfaces/tf2_web_republisher_interfaces/srv/detail/republish_t_fs__rosidl_typesupport_fastrtps_cpp.hpp
[7.636s] -- Symlinking: /home/mvibot/floorCleaningRobot_ws/install/tf2_web_republisher_interfaces/include/tf2_web_republisher_interfaces/tf2_web_republisher_interfaces/action/detail/tf_subscription__rosidl_typesupport_introspection_c.h
[7.643s] -- Symlinking: /home/mvibot/floorCleaningRobot_ws/install/tf2_web_republisher_interfaces/include/tf2_web_republisher_interfaces/tf2_web_republisher_interfaces/msg/detail/tf_array__rosidl_typesupport_introspection_c.h
[7.650s] -- Symlinking: /home/mvibot/floorCleaningRobot_ws/install/tf2_web_republisher_interfaces/include/tf2_web_republisher_interfaces/tf2_web_republisher_interfaces/msg/rosidl_typesupport_introspection_c__visibility_control.h
[7.657s] -- Symlinking: /home/mvibot/floorCleaningRobot_ws/install/tf2_web_republisher_interfaces/include/tf2_web_republisher_interfaces/tf2_web_republisher_interfaces/srv/detail/republish_t_fs__rosidl_typesupport_introspection_c.h
[7.664s] -- Symlinking: /home/mvibot/floorCleaningRobot_ws/install/tf2_web_republisher_interfaces/include/tf2_web_republisher_interfaces/tf2_web_republisher_interfaces/action/detail/tf_subscription__rosidl_typesupport_introspection_cpp.hpp
[7.671s] -- Symlinking: /home/mvibot/floorCleaningRobot_ws/install/tf2_web_republisher_interfaces/include/tf2_web_republisher_interfaces/tf2_web_republisher_interfaces/msg/detail/tf_array__rosidl_typesupport_introspection_cpp.hpp
[7.678s] -- Symlinking: /home/mvibot/floorCleaningRobot_ws/install/tf2_web_republisher_interfaces/include/tf2_web_republisher_interfaces/tf2_web_republisher_interfaces/srv/detail/republish_t_fs__rosidl_typesupport_introspection_cpp.hpp
[7.685s] -- Symlinking: /home/mvibot/floorCleaningRobot_ws/install/tf2_web_republisher_interfaces/share/tf2_web_republisher_interfaces/environment/pythonpath.sh
[7.692s] -- Symlinking: /home/mvibot/floorCleaningRobot_ws/install/tf2_web_republisher_interfaces/share/tf2_web_republisher_interfaces/environment/pythonpath.dsv
[7.699s] -- Symlinking: /home/mvibot/floorCleaningRobot_ws/install/tf2_web_republisher_interfaces/lib/python3.12/site-packages/tf2_web_republisher_interfaces-1.0.0-py3.12.egg-info/PKG-INFO
[7.706s] -- Symlinking: /home/mvibot/floorCleaningRobot_ws/install/tf2_web_republisher_interfaces/lib/python3.12/site-packages/tf2_web_republisher_interfaces-1.0.0-py3.12.egg-info/SOURCES.txt
[7.713s] -- Symlinking: /home/mvibot/floorCleaningRobot_ws/install/tf2_web_republisher_interfaces/lib/python3.12/site-packages/tf2_web_republisher_interfaces-1.0.0-py3.12.egg-info/dependency_links.txt
[7.721s] -- Symlinking: /home/mvibot/floorCleaningRobot_ws/install/tf2_web_republisher_interfaces/lib/python3.12/site-packages/tf2_web_republisher_interfaces-1.0.0-py3.12.egg-info/top_level.txt
[7.729s] -- Symlinking: /home/mvibot/floorCleaningRobot_ws/install/tf2_web_republisher_interfaces/lib/python3.12/site-packages/tf2_web_republisher_interfaces/__init__.py
[7.736s] -- Symlinking: /home/mvibot/floorCleaningRobot_ws/install/tf2_web_republisher_interfaces/lib/python3.12/site-packages/tf2_web_republisher_interfaces/_tf2_web_republisher_interfaces_s.ep.rosidl_typesupport_c.c
[7.743s] -- Symlinking: /home/mvibot/floorCleaningRobot_ws/install/tf2_web_republisher_interfaces/lib/python3.12/site-packages/tf2_web_republisher_interfaces/_tf2_web_republisher_interfaces_s.ep.rosidl_typesupport_fastrtps_c.c
[7.750s] -- Symlinking: /home/mvibot/floorCleaningRobot_ws/install/tf2_web_republisher_interfaces/lib/python3.12/site-packages/tf2_web_republisher_interfaces/_tf2_web_republisher_interfaces_s.ep.rosidl_typesupport_introspection_c.c
[7.756s] -- Symlinking: /home/mvibot/floorCleaningRobot_ws/install/tf2_web_republisher_interfaces/lib/python3.12/site-packages/tf2_web_republisher_interfaces/action/__init__.py
[7.763s] -- Symlinking: /home/mvibot/floorCleaningRobot_ws/install/tf2_web_republisher_interfaces/lib/python3.12/site-packages/tf2_web_republisher_interfaces/action/_tf_subscription.py
[7.771s] -- Symlinking: /home/mvibot/floorCleaningRobot_ws/install/tf2_web_republisher_interfaces/lib/python3.12/site-packages/tf2_web_republisher_interfaces/action/_tf_subscription_s.c
[7.779s] -- Symlinking: /home/mvibot/floorCleaningRobot_ws/install/tf2_web_republisher_interfaces/lib/python3.12/site-packages/tf2_web_republisher_interfaces/msg/__init__.py
[7.787s] -- Symlinking: /home/mvibot/floorCleaningRobot_ws/install/tf2_web_republisher_interfaces/lib/python3.12/site-packages/tf2_web_republisher_interfaces/msg/_tf_array.py
[7.794s] -- Symlinking: /home/mvibot/floorCleaningRobot_ws/install/tf2_web_republisher_interfaces/lib/python3.12/site-packages/tf2_web_republisher_interfaces/msg/_tf_array_s.c
[7.801s] -- Symlinking: /home/mvibot/floorCleaningRobot_ws/install/tf2_web_republisher_interfaces/lib/python3.12/site-packages/tf2_web_republisher_interfaces/srv/__init__.py
[7.808s] -- Symlinking: /home/mvibot/floorCleaningRobot_ws/install/tf2_web_republisher_interfaces/lib/python3.12/site-packages/tf2_web_republisher_interfaces/srv/_republish_t_fs.py
[7.815s] -- Symlinking: /home/mvibot/floorCleaningRobot_ws/install/tf2_web_republisher_interfaces/lib/python3.12/site-packages/tf2_web_republisher_interfaces/srv/_republish_t_fs_s.c
[7.823s] -- Symlinking: /home/mvibot/floorCleaningRobot_ws/install/tf2_web_republisher_interfaces/lib/python3.12/site-packages/tf2_web_republisher_interfaces/tf2_web_republisher_interfaces_s__rosidl_typesupport_c.so
[7.830s] -- Symlinking: /home/mvibot/floorCleaningRobot_ws/install/tf2_web_republisher_interfaces/lib/python3.12/site-packages/tf2_web_republisher_interfaces/tf2_web_republisher_interfaces_s__rosidl_typesupport_fastrtps_c.so
[7.837s] -- Symlinking: /home/mvibot/floorCleaningRobot_ws/install/tf2_web_republisher_interfaces/lib/python3.12/site-packages/tf2_web_republisher_interfaces/tf2_web_republisher_interfaces_s__rosidl_typesupport_introspection_c.so
[7.845s] -- Up-to-date symlink: /home/mvibot/floorCleaningRobot_ws/install/tf2_web_republisher_interfaces/lib/python3.12/site-packages/tf2_web_republisher_interfaces/tf2_web_republisher_interfaces_s__rosidl_typesupport_fastrtps_c.so
[7.846s] -- Up-to-date symlink: /home/mvibot/floorCleaningRobot_ws/install/tf2_web_republisher_interfaces/lib/python3.12/site-packages/tf2_web_republisher_interfaces/tf2_web_republisher_interfaces_s__rosidl_typesupport_introspection_c.so
[7.846s] -- Up-to-date symlink: /home/mvibot/floorCleaningRobot_ws/install/tf2_web_republisher_interfaces/lib/python3.12/site-packages/tf2_web_republisher_interfaces/tf2_web_republisher_interfaces_s__rosidl_typesupport_c.so
[7.846s] -- Symlinking: /home/mvibot/floorCleaningRobot_ws/install/tf2_web_republisher_interfaces/share/tf2_web_republisher_interfaces/msg/TFArray.idl
[7.853s] -- Symlinking: /home/mvibot/floorCleaningRobot_ws/install/tf2_web_republisher_interfaces/share/tf2_web_republisher_interfaces/srv/RepublishTFs.idl
[7.860s] -- Symlinking: /home/mvibot/floorCleaningRobot_ws/install/tf2_web_republisher_interfaces/share/tf2_web_republisher_interfaces/action/TFSubscription.idl
[7.866s] -- Symlinking: /home/mvibot/floorCleaningRobot_ws/install/tf2_web_republisher_interfaces/share/tf2_web_republisher_interfaces/msg/TFArray.msg
[7.873s] -- Symlinking: /home/mvibot/floorCleaningRobot_ws/install/tf2_web_republisher_interfaces/share/tf2_web_republisher_interfaces/srv/RepublishTFs.srv
[7.879s] -- Symlinking: /home/mvibot/floorCleaningRobot_ws/install/tf2_web_republisher_interfaces/share/tf2_web_republisher_interfaces/action/TFSubscription.action
[7.886s] -- Symlinking: /home/mvibot/floorCleaningRobot_ws/install/tf2_web_republisher_interfaces/share/ament_index/resource_index/package_run_dependencies/tf2_web_republisher_interfaces
[7.892s] -- Symlinking: /home/mvibot/floorCleaningRobot_ws/install/tf2_web_republisher_interfaces/share/ament_index/resource_index/parent_prefix_path/tf2_web_republisher_interfaces
[7.898s] -- Symlinking: /home/mvibot/floorCleaningRobot_ws/install/tf2_web_republisher_interfaces/share/tf2_web_republisher_interfaces/environment/ament_prefix_path.sh
[7.904s] -- Symlinking: /home/mvibot/floorCleaningRobot_ws/install/tf2_web_republisher_interfaces/share/tf2_web_republisher_interfaces/environment/ament_prefix_path.dsv
[7.911s] -- Symlinking: /home/mvibot/floorCleaningRobot_ws/install/tf2_web_republisher_interfaces/share/tf2_web_republisher_interfaces/environment/path.sh
[7.918s] -- Symlinking: /home/mvibot/floorCleaningRobot_ws/install/tf2_web_republisher_interfaces/share/tf2_web_republisher_interfaces/environment/path.dsv
[7.925s] -- Symlinking: /home/mvibot/floorCleaningRobot_ws/install/tf2_web_republisher_interfaces/share/tf2_web_republisher_interfaces/local_setup.bash
[7.932s] -- Symlinking: /home/mvibot/floorCleaningRobot_ws/install/tf2_web_republisher_interfaces/share/tf2_web_republisher_interfaces/local_setup.sh
[7.938s] -- Symlinking: /home/mvibot/floorCleaningRobot_ws/install/tf2_web_republisher_interfaces/share/tf2_web_republisher_interfaces/local_setup.zsh
[7.944s] -- Symlinking: /home/mvibot/floorCleaningRobot_ws/install/tf2_web_republisher_interfaces/share/tf2_web_republisher_interfaces/local_setup.dsv
[7.950s] -- Symlinking: /home/mvibot/floorCleaningRobot_ws/install/tf2_web_republisher_interfaces/share/tf2_web_republisher_interfaces/package.dsv
[7.956s] -- Symlinking: /home/mvibot/floorCleaningRobot_ws/install/tf2_web_republisher_interfaces/share/ament_index/resource_index/packages/tf2_web_republisher_interfaces
[7.963s] -- Symlinking: /home/mvibot/floorCleaningRobot_ws/install/tf2_web_republisher_interfaces/share/tf2_web_republisher_interfaces/cmake/rosidl_cmake-extras.cmake
[7.969s] -- Symlinking: /home/mvibot/floorCleaningRobot_ws/install/tf2_web_republisher_interfaces/share/tf2_web_republisher_interfaces/cmake/ament_cmake_export_dependencies-extras.cmake
[7.975s] -- Symlinking: /home/mvibot/floorCleaningRobot_ws/install/tf2_web_republisher_interfaces/share/tf2_web_republisher_interfaces/cmake/ament_cmake_export_include_directories-extras.cmake
[7.982s] -- Symlinking: /home/mvibot/floorCleaningRobot_ws/install/tf2_web_republisher_interfaces/share/tf2_web_republisher_interfaces/cmake/ament_cmake_export_libraries-extras.cmake
[7.988s] -- Symlinking: /home/mvibot/floorCleaningRobot_ws/install/tf2_web_republisher_interfaces/share/tf2_web_republisher_interfaces/cmake/ament_cmake_export_targets-extras.cmake
[7.994s] -- Symlinking: /home/mvibot/floorCleaningRobot_ws/install/tf2_web_republisher_interfaces/share/tf2_web_republisher_interfaces/cmake/rosidl_cmake_export_typesupport_targets-extras.cmake
[8.001s] -- Symlinking: /home/mvibot/floorCleaningRobot_ws/install/tf2_web_republisher_interfaces/share/tf2_web_republisher_interfaces/cmake/rosidl_cmake_export_typesupport_libraries-extras.cmake
[8.008s] -- Symlinking: /home/mvibot/floorCleaningRobot_ws/install/tf2_web_republisher_interfaces/share/tf2_web_republisher_interfaces/cmake/tf2_web_republisher_interfacesConfig.cmake
[8.015s] -- Symlinking: /home/mvibot/floorCleaningRobot_ws/install/tf2_web_republisher_interfaces/share/tf2_web_republisher_interfaces/cmake/tf2_web_republisher_interfacesConfig-version.cmake
[8.023s] -- Symlinking: /home/mvibot/floorCleaningRobot_ws/install/tf2_web_republisher_interfaces/share/tf2_web_republisher_interfaces/package.xml
[8.030s] -- Installing: /home/mvibot/floorCleaningRobot_ws/install/tf2_web_republisher_interfaces/lib/libtf2_web_republisher_interfaces__rosidl_generator_c.so
[8.031s] -- Set non-toolchain portion of runtime path of "/home/mvibot/floorCleaningRobot_ws/install/tf2_web_republisher_interfaces/lib/libtf2_web_republisher_interfaces__rosidl_generator_c.so" to ""
[8.031s] -- Installing: /home/mvibot/floorCleaningRobot_ws/install/tf2_web_republisher_interfaces/lib/libtf2_web_republisher_interfaces__rosidl_typesupport_fastrtps_c.so
[8.031s] -- Set non-toolchain portion of runtime path of "/home/mvibot/floorCleaningRobot_ws/install/tf2_web_republisher_interfaces/lib/libtf2_web_republisher_interfaces__rosidl_typesupport_fastrtps_c.so" to ""
[8.031s] -- Installing: /home/mvibot/floorCleaningRobot_ws/install/tf2_web_republisher_interfaces/lib/libtf2_web_republisher_interfaces__rosidl_typesupport_fastrtps_cpp.so
[8.032s] -- Set non-toolchain portion of runtime path of "/home/mvibot/floorCleaningRobot_ws/install/tf2_web_republisher_interfaces/lib/libtf2_web_republisher_interfaces__rosidl_typesupport_fastrtps_cpp.so" to ""
[8.032s] -- Installing: /home/mvibot/floorCleaningRobot_ws/install/tf2_web_republisher_interfaces/lib/libtf2_web_republisher_interfaces__rosidl_typesupport_introspection_c.so
[8.032s] -- Set non-toolchain portion of runtime path of "/home/mvibot/floorCleaningRobot_ws/install/tf2_web_republisher_interfaces/lib/libtf2_web_republisher_interfaces__rosidl_typesupport_introspection_c.so" to ""
[8.032s] -- Installing: /home/mvibot/floorCleaningRobot_ws/install/tf2_web_republisher_interfaces/lib/libtf2_web_republisher_interfaces__rosidl_typesupport_c.so
[8.032s] -- Set non-toolchain portion of runtime path of "/home/mvibot/floorCleaningRobot_ws/install/tf2_web_republisher_interfaces/lib/libtf2_web_republisher_interfaces__rosidl_typesupport_c.so" to ""
[8.032s] -- Installing: /home/mvibot/floorCleaningRobot_ws/install/tf2_web_republisher_interfaces/lib/libtf2_web_republisher_interfaces__rosidl_typesupport_introspection_cpp.so
[8.033s] -- Set non-toolchain portion of runtime path of "/home/mvibot/floorCleaningRobot_ws/install/tf2_web_republisher_interfaces/lib/libtf2_web_republisher_interfaces__rosidl_typesupport_introspection_cpp.so" to ""
[8.033s] -- Installing: /home/mvibot/floorCleaningRobot_ws/install/tf2_web_republisher_interfaces/lib/libtf2_web_republisher_interfaces__rosidl_typesupport_cpp.so
[8.033s] -- Set non-toolchain portion of runtime path of "/home/mvibot/floorCleaningRobot_ws/install/tf2_web_republisher_interfaces/lib/libtf2_web_republisher_interfaces__rosidl_typesupport_cpp.so" to ""
[8.075s] Listing '/home/mvibot/floorCleaningRobot_ws/install/tf2_web_republisher_interfaces/lib/python3.12/site-packages/tf2_web_republisher_interfaces'...
[8.075s] Compiling '/home/mvibot/floorCleaningRobot_ws/install/tf2_web_republisher_interfaces/lib/python3.12/site-packages/tf2_web_republisher_interfaces/__init__.py'...
[8.075s] Listing '/home/mvibot/floorCleaningRobot_ws/install/tf2_web_republisher_interfaces/lib/python3.12/site-packages/tf2_web_republisher_interfaces/action'...
[8.076s] Compiling '/home/mvibot/floorCleaningRobot_ws/install/tf2_web_republisher_interfaces/lib/python3.12/site-packages/tf2_web_republisher_interfaces/action/__init__.py'...
[8.076s] Compiling '/home/mvibot/floorCleaningRobot_ws/install/tf2_web_republisher_interfaces/lib/python3.12/site-packages/tf2_web_republisher_interfaces/action/_tf_subscription.py'...
[8.076s] Listing '/home/mvibot/floorCleaningRobot_ws/install/tf2_web_republisher_interfaces/lib/python3.12/site-packages/tf2_web_republisher_interfaces/msg'...
[8.076s] Compiling '/home/mvibot/floorCleaningRobot_ws/install/tf2_web_republisher_interfaces/lib/python3.12/site-packages/tf2_web_republisher_interfaces/msg/__init__.py'...
[8.076s] Compiling '/home/mvibot/floorCleaningRobot_ws/install/tf2_web_republisher_interfaces/lib/python3.12/site-packages/tf2_web_republisher_interfaces/msg/_tf_array.py'...
[8.076s] Listing '/home/mvibot/floorCleaningRobot_ws/install/tf2_web_republisher_interfaces/lib/python3.12/site-packages/tf2_web_republisher_interfaces/srv'...
[8.076s] Compiling '/home/mvibot/floorCleaningRobot_ws/install/tf2_web_republisher_interfaces/lib/python3.12/site-packages/tf2_web_republisher_interfaces/srv/__init__.py'...
[8.076s] Compiling '/home/mvibot/floorCleaningRobot_ws/install/tf2_web_republisher_interfaces/lib/python3.12/site-packages/tf2_web_republisher_interfaces/srv/_republish_t_fs.py'...
[8.080s] -- Installing: /home/mvibot/floorCleaningRobot_ws/install/tf2_web_republisher_interfaces/lib/libtf2_web_republisher_interfaces__rosidl_generator_py.so
[8.080s] -- Set non-toolchain portion of runtime path of "/home/mvibot/floorCleaningRobot_ws/install/tf2_web_republisher_interfaces/lib/libtf2_web_republisher_interfaces__rosidl_generator_py.so" to ""
[8.080s] -- Installing: /home/mvibot/floorCleaningRobot_ws/install/tf2_web_republisher_interfaces/share/tf2_web_republisher_interfaces/cmake/export_tf2_web_republisher_interfaces__rosidl_generator_cExport.cmake
[8.081s] -- Installing: /home/mvibot/floorCleaningRobot_ws/install/tf2_web_republisher_interfaces/share/tf2_web_republisher_interfaces/cmake/export_tf2_web_republisher_interfaces__rosidl_generator_cExport-noconfig.cmake
[8.081s] -- Installing: /home/mvibot/floorCleaningRobot_ws/install/tf2_web_republisher_interfaces/share/tf2_web_republisher_interfaces/cmake/export_tf2_web_republisher_interfaces__rosidl_typesupport_fastrtps_cExport.cmake
[8.081s] -- Installing: /home/mvibot/floorCleaningRobot_ws/install/tf2_web_republisher_interfaces/share/tf2_web_republisher_interfaces/cmake/export_tf2_web_republisher_interfaces__rosidl_typesupport_fastrtps_cExport-noconfig.cmake
[8.081s] -- Installing: /home/mvibot/floorCleaningRobot_ws/install/tf2_web_republisher_interfaces/share/tf2_web_republisher_interfaces/cmake/export_tf2_web_republisher_interfaces__rosidl_generator_cppExport.cmake
[8.081s] -- Installing: /home/mvibot/floorCleaningRobot_ws/install/tf2_web_republisher_interfaces/share/tf2_web_republisher_interfaces/cmake/export_tf2_web_republisher_interfaces__rosidl_typesupport_fastrtps_cppExport.cmake
[8.081s] -- Installing: /home/mvibot/floorCleaningRobot_ws/install/tf2_web_republisher_interfaces/share/tf2_web_republisher_interfaces/cmake/export_tf2_web_republisher_interfaces__rosidl_typesupport_fastrtps_cppExport-noconfig.cmake
[8.081s] -- Installing: /home/mvibot/floorCleaningRobot_ws/install/tf2_web_republisher_interfaces/share/tf2_web_republisher_interfaces/cmake/tf2_web_republisher_interfaces__rosidl_typesupport_introspection_cExport.cmake
[8.081s] -- Installing: /home/mvibot/floorCleaningRobot_ws/install/tf2_web_republisher_interfaces/share/tf2_web_republisher_interfaces/cmake/tf2_web_republisher_interfaces__rosidl_typesupport_introspection_cExport-noconfig.cmake
[8.081s] -- Installing: /home/mvibot/floorCleaningRobot_ws/install/tf2_web_republisher_interfaces/share/tf2_web_republisher_interfaces/cmake/tf2_web_republisher_interfaces__rosidl_typesupport_cExport.cmake
[8.081s] -- Installing: /home/mvibot/floorCleaningRobot_ws/install/tf2_web_republisher_interfaces/share/tf2_web_republisher_interfaces/cmake/tf2_web_republisher_interfaces__rosidl_typesupport_cExport-noconfig.cmake
[8.081s] -- Installing: /home/mvibot/floorCleaningRobot_ws/install/tf2_web_republisher_interfaces/share/tf2_web_republisher_interfaces/cmake/tf2_web_republisher_interfaces__rosidl_typesupport_introspection_cppExport.cmake
[8.081s] -- Installing: /home/mvibot/floorCleaningRobot_ws/install/tf2_web_republisher_interfaces/share/tf2_web_republisher_interfaces/cmake/tf2_web_republisher_interfaces__rosidl_typesupport_introspection_cppExport-noconfig.cmake
[8.081s] -- Installing: /home/mvibot/floorCleaningRobot_ws/install/tf2_web_republisher_interfaces/share/tf2_web_republisher_interfaces/cmake/tf2_web_republisher_interfaces__rosidl_typesupport_cppExport.cmake
[8.082s] -- Installing: /home/mvibot/floorCleaningRobot_ws/install/tf2_web_republisher_interfaces/share/tf2_web_republisher_interfaces/cmake/tf2_web_republisher_interfaces__rosidl_typesupport_cppExport-noconfig.cmake
[8.082s] -- Installing: /home/mvibot/floorCleaningRobot_ws/install/tf2_web_republisher_interfaces/share/tf2_web_republisher_interfaces/cmake/export_tf2_web_republisher_interfaces__rosidl_generator_pyExport.cmake
[8.082s] -- Installing: /home/mvibot/floorCleaningRobot_ws/install/tf2_web_republisher_interfaces/share/tf2_web_republisher_interfaces/cmake/export_tf2_web_republisher_interfaces__rosidl_generator_pyExport-noconfig.cmake
[8.083s] Invoked command in '/home/mvibot/floorCleaningRobot_ws/build/tf2_web_republisher_interfaces' returned '0': CMAKE_PREFIX_PATH=${CMAKE_PREFIX_PATH}:/home/mvibot/floorCleaningRobot_ws/install/opennav_coverage_demo:/opt/ros/jazzy DEBUGINFOD_URLS=https://debuginfod.ubuntu.com /usr/bin/cmake --install /home/mvibot/floorCleaningRobot_ws/build/tf2_web_republisher_interfaces
