[ 13%] Built target gtest
[ 13%] Built target gtest_main
[ 17%] [32mBuilding CXX object CMakeFiles/opennav_coverage_core.dir/src/coverage_server.cpp.o[0m
[ 20%] [32mBuilding CXX object CMakeFiles/opennav_coverage_core.dir/src/headland_generator.cpp.o[0m
[ 24%] [32mBuilding CXX object CMakeFiles/opennav_coverage_core.dir/src/swath_generator.cpp.o[0m
[ 27%] [32mBuilding CXX object CMakeFiles/opennav_coverage_core.dir/src/route_generator.cpp.o[0m
[ 31%] [32mBuilding CXX object CMakeFiles/opennav_coverage_core.dir/src/path_generator.cpp.o[0m
[ 34%] [32mBuilding CXX object CMakeFiles/opennav_coverage_core.dir/src/visualizer.cpp.o[0m
[ 37%] [32m[1mLinking CXX shared library libopennav_coverage_core.so[0m
[ 37%] Built target opennav_coverage_core
[ 44%] [32mBuilding CXX object test/CMakeFiles/test_robot.dir/test_robot.cpp.o[0m
[ 44%] [32mBuilding CXX object test/CMakeFiles/test_viz.dir/test_viz.cpp.o[0m
[ 48%] [32mBuilding CXX object test/CMakeFiles/test_route.dir/test_route.cpp.o[0m
[ 51%] [32mBuilding CXX object test/CMakeFiles/test_utils.dir/test_utils.cpp.o[0m
[ 55%] [32mBuilding CXX object test/CMakeFiles/test_server.dir/test_server.cpp.o[0m
[ 62%] [32mBuilding CXX object test/CMakeFiles/test_headland.dir/test_headland.cpp.o[0m
[ 62%] [32mBuilding CXX object test/CMakeFiles/test_path.dir/test_path.cpp.o[0m
[ 65%] [32mBuilding CXX object test/CMakeFiles/test_swath.dir/test_swath.cpp.o[0m
[ 68%] [32mBuilding CXX object CMakeFiles/opennav_coverage.dir/src/main.cpp.o[0m
[ 72%] [32m[1mLinking CXX executable opennav_coverage[0m
[ 75%] [32m[1mLinking CXX executable test_robot[0m
[ 75%] Built target test_robot
[ 79%] [32m[1mLinking CXX executable test_swath[0m
[ 82%] [32m[1mLinking CXX executable test_route[0m
[ 82%] Built target opennav_coverage
[ 86%] [32m[1mLinking CXX executable test_path[0m
[ 89%] [32m[1mLinking CXX executable test_headland[0m
[ 89%] Built target test_swath
[ 89%] Built target test_route
[ 89%] Built target test_path
[ 89%] Built target test_headland
[ 93%] [32m[1mLinking CXX executable test_utils[0m
[ 93%] Built target test_utils
[ 96%] [32m[1mLinking CXX executable test_server[0m
[ 96%] Built target test_server
[100%] [32m[1mLinking CXX executable test_viz[0m
