In file included from [01m[K/home/mvibot/floorCleaningRobot_ws/src/opennav_coverage/opennav_coverage/src/coverage_server.cpp:15[m[K:
[01m[K/home/mvibot/floorCleaningRobot_ws/src/opennav_coverage/opennav_coverage/include/opennav_coverage/coverage_server.hpp:21:10:[m[K [01;31m[Kfatal error: [m[Kfields2cover.h: No such file or directory
   21 | #include [01;31m[K"fields2cover.h"[m[K // NOLINT
      |          [01;31m[K^~~~~~~~~~~~~~~~[m[K
compilation terminated.
gmake[2]: *** [CMakeFiles/opennav_coverage_core.dir/build.make:76: CMakeFiles/opennav_coverage_core.dir/src/coverage_server.cpp.o] Error 1
gmake[2]: *** Waiting for unfinished jobs....
In file included from [01m[K/home/mvibot/floorCleaningRobot_ws/src/opennav_coverage/opennav_coverage/src/headland_generator.cpp:18[m[K:
[01m[K/home/mvibot/floorCleaningRobot_ws/src/opennav_coverage/opennav_coverage/include/opennav_coverage/headland_generator.hpp:21:10:[m[K [01;31m[Kfatal error: [m[Kfields2cover.h: No such file or directory
   21 | #include [01;31m[K"fields2cover.h"[m[K // NOLINT
      |          [01;31m[K^~~~~~~~~~~~~~~~[m[K
compilation terminated.
gmake[2]: *** [CMakeFiles/opennav_coverage_core.dir/build.make:90: CMakeFiles/opennav_coverage_core.dir/src/headland_generator.cpp.o] Error 1
In file included from [01m[K/home/mvibot/floorCleaningRobot_ws/src/opennav_coverage/opennav_coverage/src/route_generator.cpp:18[m[K:
[01m[K/home/mvibot/floorCleaningRobot_ws/src/opennav_coverage/opennav_coverage/include/opennav_coverage/route_generator.hpp:21:10:[m[K [01;31m[Kfatal error: [m[Kfields2cover.h: No such file or directory
   21 | #include [01;31m[K"fields2cover.h"[m[K // NOLINT
      |          [01;31m[K^~~~~~~~~~~~~~~~[m[K
compilation terminated.
gmake[2]: *** [CMakeFiles/opennav_coverage_core.dir/build.make:118: CMakeFiles/opennav_coverage_core.dir/src/route_generator.cpp.o] Error 1
In file included from [01m[K/home/mvibot/floorCleaningRobot_ws/src/opennav_coverage/opennav_coverage/src/swath_generator.cpp:18[m[K:
[01m[K/home/mvibot/floorCleaningRobot_ws/src/opennav_coverage/opennav_coverage/include/opennav_coverage/swath_generator.hpp:22:10:[m[K [01;31m[Kfatal error: [m[Kfields2cover.h: No such file or directory
   22 | #include [01;31m[K"fields2cover.h"[m[K // NOLINT
      |          [01;31m[K^~~~~~~~~~~~~~~~[m[K
compilation terminated.
gmake[2]: *** [CMakeFiles/opennav_coverage_core.dir/build.make:104: CMakeFiles/opennav_coverage_core.dir/src/swath_generator.cpp.o] Error 1
In file included from [01m[K/home/mvibot/floorCleaningRobot_ws/src/opennav_coverage/opennav_coverage/src/path_generator.cpp:18[m[K:
[01m[K/home/mvibot/floorCleaningRobot_ws/src/opennav_coverage/opennav_coverage/include/opennav_coverage/path_generator.hpp:22:10:[m[K [01;31m[Kfatal error: [m[Kfields2cover.h: No such file or directory
   22 | #include [01;31m[K"fields2cover.h"[m[K // NOLINT
      |          [01;31m[K^~~~~~~~~~~~~~~~[m[K
compilation terminated.
gmake[2]: *** [CMakeFiles/opennav_coverage_core.dir/build.make:132: CMakeFiles/opennav_coverage_core.dir/src/path_generator.cpp.o] Error 1
In file included from [01m[K/home/mvibot/floorCleaningRobot_ws/src/opennav_coverage/opennav_coverage/include/opennav_coverage/visualizer.hpp:24[m[K,
                 from [01m[K/home/mvibot/floorCleaningRobot_ws/src/opennav_coverage/opennav_coverage/src/visualizer.cpp:19[m[K:
[01m[K/home/mvibot/floorCleaningRobot_ws/src/opennav_coverage/opennav_coverage/include/opennav_coverage/types.hpp:22:10:[m[K [01;31m[Kfatal error: [m[Kfields2cover.h: No such file or directory
   22 | #include [01;31m[K"fields2cover.h"[m[K // NOLINT
      |          [01;31m[K^~~~~~~~~~~~~~~~[m[K
compilation terminated.
gmake[2]: *** [CMakeFiles/opennav_coverage_core.dir/build.make:146: CMakeFiles/opennav_coverage_core.dir/src/visualizer.cpp.o] Error 1
gmake[1]: *** [CMakeFiles/Makefile2:188: CMakeFiles/opennav_coverage_core.dir/all] Error 2
gmake: *** [Makefile:146: all] Error 2
